2026-04-21 21:33:58,006 - INFO - Training arguments: Namespace(dataset='beauty', root='../genrec/dataset/amazon', loss_type='ce', embed_dim=64, num_heads=2, num_blocks=2, ffn_dim=256, dropout=0.2, max_seq_len=20, batch_size=128, epochs=10, lr=0.001, weight_decay=0.0, patience=10, device='cuda', checkpoint_dir='./checkpoints', eval_k=10)
2026-04-21 21:33:58,006 - INFO - Loading datasets...
2026-04-21 21:34:18,267 - INFO - Training arguments: Namespace(dataset='beauty', root='../genrec/dataset/amazon', loss_type='ce', embed_dim=64, num_heads=2, num_blocks=2, ffn_dim=256, dropout=0.2, max_seq_len=20, batch_size=128, epochs=10, lr=0.001, weight_decay=0.0, patience=10, device='cuda', checkpoint_dir='./checkpoints', eval_k=10)
2026-04-21 21:34:18,267 - INFO - Loading datasets...
2026-04-21 21:34:25,245 - INFO - Number of items: 12101
2026-04-21 21:34:25,245 - INFO - Train samples: 22363
2026-04-21 21:34:25,245 - INFO - Valid samples: 22363
2026-04-21 21:34:25,245 - INFO - Test samples: 22363
2026-04-21 21:34:25,246 - INFO - Initializing model...
2026-04-21 21:34:25,622 - INFO - Model parameters: 867584
2026-04-21 21:34:26,566 - INFO - Starting training...
2026-04-21 21:34:31,088 - INFO - Epoch 1/10 - Train Loss: 8.9691, Recall@5: 0.0138, NDCG@5: 0.0080, Recall@10: 0.0241, NDCG@10: 0.0113
2026-04-21 21:34:31,129 - INFO - Saved best model with NDCG@10: 0.0113 to ./checkpoints/sasrec_beauty_best.pth
2026-04-21 21:34:35,259 - INFO - Epoch 2/10 - Train Loss: 8.5299, Recall@5: 0.0246, NDCG@5: 0.0148, Recall@10: 0.0427, NDCG@10: 0.0207
2026-04-21 21:34:35,296 - INFO - Saved best model with NDCG@10: 0.0207 to ./checkpoints/sasrec_beauty_best.pth
2026-04-21 21:34:39,171 - INFO - Epoch 3/10 - Train Loss: 8.1390, Recall@5: 0.0350, NDCG@5: 0.0214, Recall@10: 0.0582, NDCG@10: 0.0289
2026-04-21 21:34:39,214 - INFO - Saved best model with NDCG@10: 0.0289 to ./checkpoints/sasrec_beauty_best.pth
2026-04-21 21:34:43,321 - INFO - Epoch 4/10 - Train Loss: 7.8191, Recall@5: 0.0467, NDCG@5: 0.0292, Recall@10: 0.0742, NDCG@10: 0.0380
2026-04-21 21:34:43,364 - INFO - Saved best model with NDCG@10: 0.0380 to ./checkpoints/sasrec_beauty_best.pth
2026-04-21 21:34:47,574 - INFO - Epoch 5/10 - Train Loss: 7.5450, Recall@5: 0.0556, NDCG@5: 0.0344, Recall@10: 0.0870, NDCG@10: 0.0445
2026-04-21 21:34:47,614 - INFO - Saved best model with NDCG@10: 0.0445 to ./checkpoints/sasrec_beauty_best.pth
2026-04-21 21:34:51,885 - INFO - Epoch 6/10 - Train Loss: 7.2925, Recall@5: 0.0608, NDCG@5: 0.0376, Recall@10: 0.0936, NDCG@10: 0.0482
2026-04-21 21:34:51,928 - INFO - Saved best model with NDCG@10: 0.0482 to ./checkpoints/sasrec_beauty_best.pth
2026-04-21 21:34:56,089 - INFO - Epoch 7/10 - Train Loss: 7.0687, Recall@5: 0.0636, NDCG@5: 0.0382, Recall@10: 0.0982, NDCG@10: 0.0493
2026-04-21 21:34:56,126 - INFO - Saved best model with NDCG@10: 0.0493 to ./checkpoints/sasrec_beauty_best.pth
2026-04-21 21:35:00,272 - INFO - Epoch 8/10 - Train Loss: 6.8777, Recall@5: 0.0681, NDCG@5: 0.0403, Recall@10: 0.1010, NDCG@10: 0.0509
2026-04-21 21:35:00,314 - INFO - Saved best model with NDCG@10: 0.0509 to ./checkpoints/sasrec_beauty_best.pth
2026-04-21 21:35:04,610 - INFO - Epoch 9/10 - Train Loss: 6.7056, Recall@5: 0.0688, NDCG@5: 0.0400, Recall@10: 0.1004, NDCG@10: 0.0502
2026-04-21 21:35:08,692 - INFO - Epoch 10/10 - Train Loss: 6.5631, Recall@5: 0.0666, NDCG@5: 0.0383, Recall@10: 0.0994, NDCG@10: 0.0490
2026-04-21 21:35:08,692 - INFO - Loading best model for testing...
2026-04-21 21:35:09,587 - INFO - Test Results - Recall@5: 0.0499, NDCG@5: 0.0306 - Recall@10: 0.0763, NDCG@10: 0.0391
2026-04-21 21:35:09,588 - INFO - Training completed!
2026-04-21 21:40:23,620 - INFO - Training arguments: Namespace(dataset='beauty', root='../genrec/dataset/amazon', loss_type='ce', embed_dim=64, num_heads=2, num_blocks=2, ffn_dim=256, dropout=0.2, max_seq_len=20, batch_size=128, epochs=10, lr=0.001, weight_decay=0.0, patience=10, device='cuda', checkpoint_dir='./checkpoints', eval_k=10)
2026-04-21 21:40:23,620 - INFO - Loading datasets...
2026-04-21 21:40:30,696 - INFO - Number of items: 12101
2026-04-21 21:40:30,696 - INFO - Train samples: 22363
2026-04-21 21:40:30,696 - INFO - Valid samples: 22363
2026-04-21 21:40:30,696 - INFO - Test samples: 22363
2026-04-21 21:40:30,697 - INFO - Initializing model...
2026-04-21 21:40:30,940 - INFO - Model parameters: 867584
2026-04-21 21:40:31,932 - INFO - Starting training...
2026-04-21 21:40:36,644 - INFO - Epoch 1/10 - Train Loss: 8.9681, Recall@5: 0.0150, NDCG@5: 0.0088, Recall@10: 0.0251, NDCG@10: 0.0121
2026-04-21 21:40:36,688 - INFO - Saved best model with NDCG@10: 0.0121 to ./checkpoints/sasrec_beauty_best.pth
2026-04-21 21:40:41,067 - INFO - Epoch 2/10 - Train Loss: 8.5319, Recall@5: 0.0211, NDCG@5: 0.0131, Recall@10: 0.0386, NDCG@10: 0.0188
2026-04-21 21:40:41,103 - INFO - Saved best model with NDCG@10: 0.0188 to ./checkpoints/sasrec_beauty_best.pth
2026-04-21 21:40:45,099 - INFO - Epoch 3/10 - Train Loss: 8.1597, Recall@5: 0.0340, NDCG@5: 0.0205, Recall@10: 0.0585, NDCG@10: 0.0284
2026-04-21 21:40:45,136 - INFO - Saved best model with NDCG@10: 0.0284 to ./checkpoints/sasrec_beauty_best.pth
2026-04-21 21:40:49,851 - INFO - Epoch 4/10 - Train Loss: 7.8461, Recall@5: 0.0451, NDCG@5: 0.0284, Recall@10: 0.0713, NDCG@10: 0.0368
2026-04-21 21:40:49,888 - INFO - Saved best model with NDCG@10: 0.0368 to ./checkpoints/sasrec_beauty_best.pth
2026-04-21 21:40:54,309 - INFO - Epoch 5/10 - Train Loss: 7.5675, Recall@5: 0.0553, NDCG@5: 0.0339, Recall@10: 0.0854, NDCG@10: 0.0436
2026-04-21 21:40:54,351 - INFO - Saved best model with NDCG@10: 0.0436 to ./checkpoints/sasrec_beauty_best.pth
2026-04-21 21:40:58,637 - INFO - Epoch 6/10 - Train Loss: 7.3191, Recall@5: 0.0614, NDCG@5: 0.0375, Recall@10: 0.0933, NDCG@10: 0.0478
2026-04-21 21:40:58,678 - INFO - Saved best model with NDCG@10: 0.0478 to ./checkpoints/sasrec_beauty_best.pth
2026-04-21 21:41:03,280 - INFO - Epoch 7/10 - Train Loss: 7.0948, Recall@5: 0.0637, NDCG@5: 0.0383, Recall@10: 0.0979, NDCG@10: 0.0493
2026-04-21 21:41:03,317 - INFO - Saved best model with NDCG@10: 0.0493 to ./checkpoints/sasrec_beauty_best.pth
2026-04-21 21:41:07,887 - INFO - Epoch 8/10 - Train Loss: 6.9011, Recall@5: 0.0666, NDCG@5: 0.0390, Recall@10: 0.1005, NDCG@10: 0.0500
2026-04-21 21:41:07,929 - INFO - Saved best model with NDCG@10: 0.0500 to ./checkpoints/sasrec_beauty_best.pth
2026-04-21 21:41:12,083 - INFO - Epoch 9/10 - Train Loss: 6.7293, Recall@5: 0.0680, NDCG@5: 0.0395, Recall@10: 0.1009, NDCG@10: 0.0501
2026-04-21 21:41:12,121 - INFO - Saved best model with NDCG@10: 0.0501 to ./checkpoints/sasrec_beauty_best.pth
2026-04-21 21:41:16,345 - INFO - Epoch 10/10 - Train Loss: 6.5821, Recall@5: 0.0666, NDCG@5: 0.0383, Recall@10: 0.0985, NDCG@10: 0.0486
2026-04-21 21:41:16,346 - INFO - Loading best model for testing...
2026-04-21 21:41:17,446 - INFO - Test Results - Recall@5: 0.0503, NDCG@5: 0.0306 - Recall@10: 0.0791, NDCG@10: 0.0398
2026-04-21 21:41:17,446 - INFO - Training completed!
2026-04-21 21:51:33,075 - INFO - Training arguments: Namespace(dataset='beauty', root='../genrec/dataset/amazon', loss_type='ce', embed_dim=64, num_heads=2, num_blocks=2, ffn_dim=256, dropout=0.2, max_seq_len=20, batch_size=128, epochs=100, lr=0.001, weight_decay=0.0, patience=10, device='cuda', checkpoint_dir='./checkpoints', eval_k=10)
2026-04-21 21:51:33,075 - INFO - Loading datasets...
2026-04-21 21:51:40,203 - INFO - Number of items: 12101
2026-04-21 21:51:40,203 - INFO - Train samples: 22363
2026-04-21 21:51:40,203 - INFO - Valid samples: 22363
2026-04-21 21:51:40,203 - INFO - Test samples: 22363
2026-04-21 21:51:40,204 - INFO - Initializing model...
2026-04-21 21:51:40,451 - INFO - Model parameters: 867584
2026-04-21 21:51:41,422 - INFO - Starting training...
2026-04-21 21:51:46,131 - INFO - Epoch 1/100 - Train Loss: 8.9753, Recall@5: 0.0156, NDCG@5: 0.0093, Recall@10: 0.0256, NDCG@10: 0.0125
2026-04-21 21:51:46,201 - INFO - Saved best model with NDCG@10: 0.0125 to ./checkpoints/sasrec_beauty_best.pth
2026-04-21 21:51:50,479 - INFO - Epoch 2/100 - Train Loss: 8.4953, Recall@5: 0.0233, NDCG@5: 0.0141, Recall@10: 0.0406, NDCG@10: 0.0197
2026-04-21 21:51:50,522 - INFO - Saved best model with NDCG@10: 0.0197 to ./checkpoints/sasrec_beauty_best.pth
2026-04-21 21:51:54,687 - INFO - Epoch 3/100 - Train Loss: 8.1233, Recall@5: 0.0373, NDCG@5: 0.0241, Recall@10: 0.0600, NDCG@10: 0.0314
2026-04-21 21:51:54,725 - INFO - Saved best model with NDCG@10: 0.0314 to ./checkpoints/sasrec_beauty_best.pth
2026-04-21 21:51:59,228 - INFO - Epoch 4/100 - Train Loss: 7.8241, Recall@5: 0.0475, NDCG@5: 0.0298, Recall@10: 0.0744, NDCG@10: 0.0386
2026-04-21 21:51:59,290 - INFO - Saved best model with NDCG@10: 0.0386 to ./checkpoints/sasrec_beauty_best.pth
2026-04-21 21:52:03,946 - INFO - Epoch 5/100 - Train Loss: 7.5560, Recall@5: 0.0561, NDCG@5: 0.0345, Recall@10: 0.0849, NDCG@10: 0.0438
2026-04-21 21:52:03,988 - INFO - Saved best model with NDCG@10: 0.0438 to ./checkpoints/sasrec_beauty_best.pth
2026-04-21 21:52:08,224 - INFO - Epoch 6/100 - Train Loss: 7.3095, Recall@5: 0.0597, NDCG@5: 0.0365, Recall@10: 0.0912, NDCG@10: 0.0466
2026-04-21 21:52:08,258 - INFO - Saved best model with NDCG@10: 0.0466 to ./checkpoints/sasrec_beauty_best.pth
2026-04-21 21:52:12,677 - INFO - Epoch 7/100 - Train Loss: 7.0894, Recall@5: 0.0649, NDCG@5: 0.0392, Recall@10: 0.0955, NDCG@10: 0.0490
2026-04-21 21:52:12,718 - INFO - Saved best model with NDCG@10: 0.0490 to ./checkpoints/sasrec_beauty_best.pth
2026-04-21 21:52:16,983 - INFO - Epoch 8/100 - Train Loss: 6.8907, Recall@5: 0.0656, NDCG@5: 0.0390, Recall@10: 0.0990, NDCG@10: 0.0498
2026-04-21 21:52:17,022 - INFO - Saved best model with NDCG@10: 0.0498 to ./checkpoints/sasrec_beauty_best.pth
2026-04-21 21:52:21,582 - INFO - Epoch 9/100 - Train Loss: 6.7235, Recall@5: 0.0675, NDCG@5: 0.0397, Recall@10: 0.0998, NDCG@10: 0.0501
2026-04-21 21:52:21,619 - INFO - Saved best model with NDCG@10: 0.0501 to ./checkpoints/sasrec_beauty_best.pth
2026-04-21 21:52:26,193 - INFO - Epoch 10/100 - Train Loss: 6.5776, Recall@5: 0.0678, NDCG@5: 0.0396, Recall@10: 0.1011, NDCG@10: 0.0504
2026-04-21 21:52:26,228 - INFO - Saved best model with NDCG@10: 0.0504 to ./checkpoints/sasrec_beauty_best.pth
2026-04-21 21:52:30,529 - INFO - Epoch 11/100 - Train Loss: 6.4550, Recall@5: 0.0671, NDCG@5: 0.0388, Recall@10: 0.0990, NDCG@10: 0.0491
2026-04-21 21:52:34,984 - INFO - Epoch 12/100 - Train Loss: 6.3480, Recall@5: 0.0683, NDCG@5: 0.0399, Recall@10: 0.0980, NDCG@10: 0.0495
2026-04-21 21:52:39,301 - INFO - Epoch 13/100 - Train Loss: 6.2594, Recall@5: 0.0653, NDCG@5: 0.0385, Recall@10: 0.0977, NDCG@10: 0.0489
2026-04-21 21:52:43,736 - INFO - Epoch 14/100 - Train Loss: 6.1792, Recall@5: 0.0671, NDCG@5: 0.0392, Recall@10: 0.0972, NDCG@10: 0.0490
2026-04-21 21:52:48,344 - INFO - Epoch 15/100 - Train Loss: 6.1091, Recall@5: 0.0665, NDCG@5: 0.0394, Recall@10: 0.0969, NDCG@10: 0.0492
2026-04-21 21:52:52,683 - INFO - Epoch 16/100 - Train Loss: 6.0543, Recall@5: 0.0655, NDCG@5: 0.0389, Recall@10: 0.0953, NDCG@10: 0.0486
2026-04-21 21:52:57,218 - INFO - Epoch 17/100 - Train Loss: 5.9980, Recall@5: 0.0659, NDCG@5: 0.0388, Recall@10: 0.0942, NDCG@10: 0.0479
2026-04-21 21:53:01,504 - INFO - Epoch 18/100 - Train Loss: 5.9463, Recall@5: 0.0651, NDCG@5: 0.0385, Recall@10: 0.0944, NDCG@10: 0.0480
2026-04-21 21:53:06,022 - INFO - Epoch 19/100 - Train Loss: 5.9012, Recall@5: 0.0624, NDCG@5: 0.0375, Recall@10: 0.0922, NDCG@10: 0.0472
2026-04-21 21:53:10,231 - INFO - Epoch 20/100 - Train Loss: 5.8592, Recall@5: 0.0637, NDCG@5: 0.0391, Recall@10: 0.0954, NDCG@10: 0.0493
2026-04-21 21:53:10,231 - INFO - Early stopping triggered after 20 epochs
2026-04-21 21:53:10,231 - INFO - Loading best model for testing...
2026-04-21 21:53:11,210 - INFO - Test Results - Recall@5: 0.0518, NDCG@5: 0.0312 - Recall@10: 0.0816, NDCG@10: 0.0408
2026-04-21 21:53:11,210 - INFO - Training completed!
2026-04-21 21:53:36,649 - INFO - Training arguments: Namespace(dataset='beauty', root='../genrec/dataset/amazon', loss_type='ce', embed_dim=64, num_heads=2, num_blocks=2, ffn_dim=256, dropout=0.2, max_seq_len=20, batch_size=128, epochs=200, lr=0.001, weight_decay=0.0, patience=10, device='cuda', checkpoint_dir='./checkpoints', eval_k=10)
2026-04-21 21:53:36,649 - INFO - Loading datasets...
2026-04-21 21:53:43,794 - INFO - Number of items: 12101
2026-04-21 21:53:43,794 - INFO - Train samples: 22363
2026-04-21 21:53:43,794 - INFO - Valid samples: 22363
2026-04-21 21:53:43,794 - INFO - Test samples: 22363
2026-04-21 21:53:43,794 - INFO - Initializing model...
2026-04-21 21:53:44,131 - INFO - Model parameters: 867584
2026-04-21 21:53:45,124 - INFO - Starting training...
2026-04-21 21:53:49,937 - INFO - Epoch 1/200 - Train Loss: 8.9658, Recall@5: 0.0146, NDCG@5: 0.0088, Recall@10: 0.0254, NDCG@10: 0.0124
2026-04-21 21:53:50,008 - INFO - Saved best model with NDCG@10: 0.0124 to ./checkpoints/sasrec_beauty_best.pth
2026-04-21 21:53:54,288 - INFO - Epoch 2/200 - Train Loss: 8.5122, Recall@5: 0.0243, NDCG@5: 0.0151, Recall@10: 0.0431, NDCG@10: 0.0212
2026-04-21 21:53:54,326 - INFO - Saved best model with NDCG@10: 0.0212 to ./checkpoints/sasrec_beauty_best.pth
2026-04-21 21:53:58,609 - INFO - Epoch 3/200 - Train Loss: 8.1339, Recall@5: 0.0369, NDCG@5: 0.0230, Recall@10: 0.0600, NDCG@10: 0.0305
2026-04-21 21:53:58,653 - INFO - Saved best model with NDCG@10: 0.0305 to ./checkpoints/sasrec_beauty_best.pth
2026-04-21 21:54:02,782 - INFO - Epoch 4/200 - Train Loss: 7.8201, Recall@5: 0.0473, NDCG@5: 0.0302, Recall@10: 0.0733, NDCG@10: 0.0385
2026-04-21 21:54:02,820 - INFO - Saved best model with NDCG@10: 0.0385 to ./checkpoints/sasrec_beauty_best.pth
2026-04-21 21:54:07,235 - INFO - Epoch 5/200 - Train Loss: 7.5401, Recall@5: 0.0551, NDCG@5: 0.0339, Recall@10: 0.0863, NDCG@10: 0.0440
2026-04-21 21:54:07,276 - INFO - Saved best model with NDCG@10: 0.0440 to ./checkpoints/sasrec_beauty_best.pth
2026-04-21 21:54:11,834 - INFO - Epoch 6/200 - Train Loss: 7.2948, Recall@5: 0.0618, NDCG@5: 0.0381, Recall@10: 0.0943, NDCG@10: 0.0486
2026-04-21 21:54:11,879 - INFO - Saved best model with NDCG@10: 0.0486 to ./checkpoints/sasrec_beauty_best.pth
2026-04-21 21:54:16,190 - INFO - Epoch 7/200 - Train Loss: 7.0777, Recall@5: 0.0652, NDCG@5: 0.0390, Recall@10: 0.0959, NDCG@10: 0.0489
2026-04-21 21:54:16,225 - INFO - Saved best model with NDCG@10: 0.0489 to ./checkpoints/sasrec_beauty_best.pth
2026-04-21 21:54:20,664 - INFO - Epoch 8/200 - Train Loss: 6.8834, Recall@5: 0.0665, NDCG@5: 0.0394, Recall@10: 0.0990, NDCG@10: 0.0498
2026-04-21 21:54:20,701 - INFO - Saved best model with NDCG@10: 0.0498 to ./checkpoints/sasrec_beauty_best.pth
2026-04-21 21:54:25,210 - INFO - Epoch 9/200 - Train Loss: 6.7129, Recall@5: 0.0656, NDCG@5: 0.0387, Recall@10: 0.0982, NDCG@10: 0.0492
2026-04-21 21:54:29,362 - INFO - Epoch 10/200 - Train Loss: 6.5666, Recall@5: 0.0667, NDCG@5: 0.0386, Recall@10: 0.0999, NDCG@10: 0.0493
2026-04-21 21:54:33,633 - INFO - Epoch 11/200 - Train Loss: 6.4503, Recall@5: 0.0656, NDCG@5: 0.0380, Recall@10: 0.0981, NDCG@10: 0.0484
2026-04-21 21:54:38,159 - INFO - Epoch 12/200 - Train Loss: 6.3438, Recall@5: 0.0649, NDCG@5: 0.0378, Recall@10: 0.0962, NDCG@10: 0.0479
2026-04-21 21:54:42,473 - INFO - Epoch 13/200 - Train Loss: 6.2535, Recall@5: 0.0655, NDCG@5: 0.0386, Recall@10: 0.0970, NDCG@10: 0.0488
2026-04-21 21:54:46,775 - INFO - Epoch 14/200 - Train Loss: 6.1803, Recall@5: 0.0640, NDCG@5: 0.0373, Recall@10: 0.0964, NDCG@10: 0.0478
2026-04-21 21:54:51,372 - INFO - Epoch 15/200 - Train Loss: 6.1074, Recall@5: 0.0640, NDCG@5: 0.0376, Recall@10: 0.0969, NDCG@10: 0.0482
2026-04-21 21:54:55,733 - INFO - Epoch 16/200 - Train Loss: 6.0478, Recall@5: 0.0643, NDCG@5: 0.0380, Recall@10: 0.0963, NDCG@10: 0.0483
2026-04-21 21:55:00,362 - INFO - Epoch 17/200 - Train Loss: 5.9928, Recall@5: 0.0627, NDCG@5: 0.0367, Recall@10: 0.0953, NDCG@10: 0.0472
2026-04-21 21:55:04,726 - INFO - Epoch 18/200 - Train Loss: 5.9456, Recall@5: 0.0634, NDCG@5: 0.0375, Recall@10: 0.0941, NDCG@10: 0.0474
2026-04-21 21:55:04,727 - INFO - Early stopping triggered after 18 epochs
2026-04-21 21:55:04,727 - INFO - Loading best model for testing...
2026-04-21 21:55:05,795 - INFO - Test Results - Recall@5: 0.0499, NDCG@5: 0.0305 - Recall@10: 0.0780, NDCG@10: 0.0396
2026-04-21 21:55:05,795 - INFO - Training completed!
2026-04-21 21:57:30,117 - INFO - Training arguments: Namespace(dataset='beauty', root='../genrec/dataset/amazon', loss_type='ce', embed_dim=64, num_heads=2, num_blocks=2, ffn_dim=256, dropout=0.2, max_seq_len=20, batch_size=128, epochs=100, lr=0.001, weight_decay=0.0, patience=10, device='cuda', checkpoint_dir='./checkpoints', eval_k=10)
2026-04-21 21:57:30,117 - INFO - Loading datasets...
2026-04-21 21:57:37,271 - INFO - Number of items: 12101
2026-04-21 21:57:37,271 - INFO - Train samples: 22363
2026-04-21 21:57:37,271 - INFO - Valid samples: 22363
2026-04-21 21:57:37,271 - INFO - Test samples: 22363
2026-04-21 21:57:37,271 - INFO - Initializing model...
2026-04-21 21:57:37,507 - INFO - Model parameters: 867584
2026-04-21 21:57:38,495 - INFO - Starting training...
2026-04-21 21:57:43,218 - INFO - Epoch 1/100 - Train Loss: 8.9655, Recall@5: 0.0171, NDCG@5: 0.0101, Recall@10: 0.0279, NDCG@10: 0.0136
2026-04-21 21:57:43,262 - INFO - Saved best model with NDCG@10: 0.0136 to ./checkpoints/sasrec_beauty_best.pth
2026-04-21 21:57:47,642 - INFO - Epoch 2/100 - Train Loss: 8.5093, Recall@5: 0.0240, NDCG@5: 0.0146, Recall@10: 0.0412, NDCG@10: 0.0201
2026-04-21 21:57:47,682 - INFO - Saved best model with NDCG@10: 0.0201 to ./checkpoints/sasrec_beauty_best.pth
2026-04-21 21:57:52,315 - INFO - Epoch 3/100 - Train Loss: 8.1302, Recall@5: 0.0352, NDCG@5: 0.0214, Recall@10: 0.0592, NDCG@10: 0.0291
2026-04-21 21:57:52,354 - INFO - Saved best model with NDCG@10: 0.0291 to ./checkpoints/sasrec_beauty_best.pth
2026-04-21 21:57:56,663 - INFO - Epoch 4/100 - Train Loss: 7.8277, Recall@5: 0.0457, NDCG@5: 0.0287, Recall@10: 0.0736, NDCG@10: 0.0376
2026-04-21 21:57:56,701 - INFO - Saved best model with NDCG@10: 0.0376 to ./checkpoints/sasrec_beauty_best.pth
2026-04-21 21:58:01,099 - INFO - Epoch 5/100 - Train Loss: 7.5608, Recall@5: 0.0556, NDCG@5: 0.0341, Recall@10: 0.0855, NDCG@10: 0.0438
2026-04-21 21:58:01,143 - INFO - Saved best model with NDCG@10: 0.0438 to ./checkpoints/sasrec_beauty_best.pth
2026-04-21 21:58:05,351 - INFO - Epoch 6/100 - Train Loss: 7.3183, Recall@5: 0.0605, NDCG@5: 0.0372, Recall@10: 0.0915, NDCG@10: 0.0472
2026-04-21 21:58:05,394 - INFO - Saved best model with NDCG@10: 0.0472 to ./checkpoints/sasrec_beauty_best.pth
2026-04-21 21:58:09,921 - INFO - Epoch 7/100 - Train Loss: 7.0980, Recall@5: 0.0628, NDCG@5: 0.0381, Recall@10: 0.0978, NDCG@10: 0.0494
2026-04-21 21:58:09,965 - INFO - Saved best model with NDCG@10: 0.0494 to ./checkpoints/sasrec_beauty_best.pth
2026-04-21 21:58:14,576 - INFO - Epoch 8/100 - Train Loss: 6.9023, Recall@5: 0.0646, NDCG@5: 0.0384, Recall@10: 0.0972, NDCG@10: 0.0489
2026-04-21 21:58:18,851 - INFO - Epoch 9/100 - Train Loss: 6.7328, Recall@5: 0.0660, NDCG@5: 0.0391, Recall@10: 0.0971, NDCG@10: 0.0491
2026-04-21 21:58:23,355 - INFO - Epoch 10/100 - Train Loss: 6.5813, Recall@5: 0.0670, NDCG@5: 0.0390, Recall@10: 0.0970, NDCG@10: 0.0487
2026-04-21 21:58:28,061 - INFO - Epoch 11/100 - Train Loss: 6.4562, Recall@5: 0.0668, NDCG@5: 0.0391, Recall@10: 0.0974, NDCG@10: 0.0489
2026-04-21 21:58:32,662 - INFO - Epoch 12/100 - Train Loss: 6.3545, Recall@5: 0.0639, NDCG@5: 0.0373, Recall@10: 0.0976, NDCG@10: 0.0481
2026-04-21 21:58:36,986 - INFO - Epoch 13/100 - Train Loss: 6.2683, Recall@5: 0.0652, NDCG@5: 0.0379, Recall@10: 0.0966, NDCG@10: 0.0480
2026-04-21 21:58:41,381 - INFO - Epoch 14/100 - Train Loss: 6.1844, Recall@5: 0.0648, NDCG@5: 0.0376, Recall@10: 0.0956, NDCG@10: 0.0476
2026-04-21 21:58:45,722 - INFO - Epoch 15/100 - Train Loss: 6.1192, Recall@5: 0.0648, NDCG@5: 0.0378, Recall@10: 0.0955, NDCG@10: 0.0477
2026-04-21 21:58:50,236 - INFO - Epoch 16/100 - Train Loss: 6.0568, Recall@5: 0.0641, NDCG@5: 0.0373, Recall@10: 0.0947, NDCG@10: 0.0472
2026-04-21 21:58:54,541 - INFO - Epoch 17/100 - Train Loss: 6.0005, Recall@5: 0.0641, NDCG@5: 0.0374, Recall@10: 0.0942, NDCG@10: 0.0471
2026-04-21 21:58:54,542 - INFO - Early stopping triggered after 17 epochs
2026-04-21 21:58:54,542 - INFO - Loading best model for testing...
2026-04-21 21:58:55,620 - INFO - Test Results - Recall@5: 0.0482, NDCG@5: 0.0299 - Recall@10: 0.0768, NDCG@10: 0.0391
2026-04-21 21:58:55,621 - INFO - Training completed!
2026-04-21 21:59:19,395 - INFO - Training arguments: Namespace(dataset='beauty', root='../genrec/dataset/amazon', loss_type='ce', embed_dim=64, num_heads=2, num_blocks=2, ffn_dim=256, dropout=0.2, max_seq_len=20, batch_size=128, epochs=100, lr=0.001, weight_decay=0.0, patience=10, device='cuda', checkpoint_dir='./checkpoints', eval_k=10)
2026-04-21 21:59:19,395 - INFO - Loading datasets...
2026-04-21 21:59:26,525 - INFO - Number of items: 12101
2026-04-21 21:59:26,525 - INFO - Train samples: 22363
2026-04-21 21:59:26,526 - INFO - Valid samples: 22363
2026-04-21 21:59:26,526 - INFO - Test samples: 22363
2026-04-21 21:59:26,526 - INFO - Initializing model...
2026-04-21 21:59:27,069 - INFO - Model parameters: 867584
2026-04-21 21:59:28,099 - INFO - Starting training...
2026-04-21 21:59:32,925 - INFO - Epoch 1/100 - Train Loss: 8.9689, Recall@5: 0.0113, NDCG@5: 0.0068, Recall@10: 0.0182, NDCG@10: 0.0090
2026-04-21 21:59:32,966 - INFO - Saved best model with NDCG@10: 0.0090 to ./checkpoints/sasrec_beauty_best.pth
2026-04-21 21:59:37,451 - INFO - Epoch 2/100 - Train Loss: 8.5121, Recall@5: 0.0181, NDCG@5: 0.0110, Recall@10: 0.0326, NDCG@10: 0.0156
2026-04-21 21:59:37,493 - INFO - Saved best model with NDCG@10: 0.0156 to ./checkpoints/sasrec_beauty_best.pth
2026-04-21 21:59:42,055 - INFO - Epoch 3/100 - Train Loss: 8.1344, Recall@5: 0.0257, NDCG@5: 0.0163, Recall@10: 0.0448, NDCG@10: 0.0224
2026-04-21 21:59:42,098 - INFO - Saved best model with NDCG@10: 0.0224 to ./checkpoints/sasrec_beauty_best.pth
2026-04-21 21:59:46,338 - INFO - Epoch 4/100 - Train Loss: 7.8162, Recall@5: 0.0319, NDCG@5: 0.0196, Recall@10: 0.0555, NDCG@10: 0.0271
2026-04-21 21:59:46,382 - INFO - Saved best model with NDCG@10: 0.0271 to ./checkpoints/sasrec_beauty_best.pth
2026-04-21 21:59:51,057 - INFO - Epoch 5/100 - Train Loss: 7.5422, Recall@5: 0.0398, NDCG@5: 0.0250, Recall@10: 0.0647, NDCG@10: 0.0330
2026-04-21 21:59:51,098 - INFO - Saved best model with NDCG@10: 0.0330 to ./checkpoints/sasrec_beauty_best.pth
2026-04-21 21:59:55,480 - INFO - Epoch 6/100 - Train Loss: 7.2979, Recall@5: 0.0442, NDCG@5: 0.0270, Recall@10: 0.0700, NDCG@10: 0.0353
2026-04-21 21:59:55,521 - INFO - Saved best model with NDCG@10: 0.0353 to ./checkpoints/sasrec_beauty_best.pth
2026-04-21 21:59:59,905 - INFO - Epoch 7/100 - Train Loss: 7.0800, Recall@5: 0.0475, NDCG@5: 0.0290, Recall@10: 0.0753, NDCG@10: 0.0379
2026-04-21 21:59:59,940 - INFO - Saved best model with NDCG@10: 0.0379 to ./checkpoints/sasrec_beauty_best.pth
2026-04-21 22:00:04,354 - INFO - Epoch 8/100 - Train Loss: 6.8821, Recall@5: 0.0496, NDCG@5: 0.0305, Recall@10: 0.0792, NDCG@10: 0.0400
2026-04-21 22:00:04,391 - INFO - Saved best model with NDCG@10: 0.0400 to ./checkpoints/sasrec_beauty_best.pth
2026-04-21 22:00:08,720 - INFO - Epoch 9/100 - Train Loss: 6.7137, Recall@5: 0.0515, NDCG@5: 0.0310, Recall@10: 0.0802, NDCG@10: 0.0403
2026-04-21 22:00:08,757 - INFO - Saved best model with NDCG@10: 0.0403 to ./checkpoints/sasrec_beauty_best.pth
2026-04-21 22:00:13,099 - INFO - Epoch 10/100 - Train Loss: 6.5668, Recall@5: 0.0544, NDCG@5: 0.0322, Recall@10: 0.0807, NDCG@10: 0.0407
2026-04-21 22:00:13,138 - INFO - Saved best model with NDCG@10: 0.0407 to ./checkpoints/sasrec_beauty_best.pth
2026-04-21 22:00:17,528 - INFO - Epoch 11/100 - Train Loss: 6.4434, Recall@5: 0.0530, NDCG@5: 0.0312, Recall@10: 0.0787, NDCG@10: 0.0395
2026-04-21 22:00:21,938 - INFO - Epoch 12/100 - Train Loss: 6.3482, Recall@5: 0.0520, NDCG@5: 0.0311, Recall@10: 0.0785, NDCG@10: 0.0396
2026-04-21 22:00:26,092 - INFO - Epoch 13/100 - Train Loss: 6.2518, Recall@5: 0.0516, NDCG@5: 0.0302, Recall@10: 0.0776, NDCG@10: 0.0386
2026-04-21 22:00:30,627 - INFO - Epoch 14/100 - Train Loss: 6.1783, Recall@5: 0.0499, NDCG@5: 0.0301, Recall@10: 0.0768, NDCG@10: 0.0388
2026-04-21 22:00:34,673 - INFO - Epoch 15/100 - Train Loss: 6.1090, Recall@5: 0.0512, NDCG@5: 0.0306, Recall@10: 0.0786, NDCG@10: 0.0395
2026-04-21 22:00:38,929 - INFO - Epoch 16/100 - Train Loss: 6.0491, Recall@5: 0.0496, NDCG@5: 0.0300, Recall@10: 0.0758, NDCG@10: 0.0386
2026-04-21 22:00:43,404 - INFO - Epoch 17/100 - Train Loss: 5.9921, Recall@5: 0.0508, NDCG@5: 0.0305, Recall@10: 0.0756, NDCG@10: 0.0385
2026-04-21 22:00:47,674 - INFO - Epoch 18/100 - Train Loss: 5.9408, Recall@5: 0.0506, NDCG@5: 0.0306, Recall@10: 0.0762, NDCG@10: 0.0389
2026-04-21 22:00:52,032 - INFO - Epoch 19/100 - Train Loss: 5.9006, Recall@5: 0.0502, NDCG@5: 0.0309, Recall@10: 0.0754, NDCG@10: 0.0391
2026-04-21 22:00:56,420 - INFO - Epoch 20/100 - Train Loss: 5.8540, Recall@5: 0.0489, NDCG@5: 0.0305, Recall@10: 0.0744, NDCG@10: 0.0387
2026-04-21 22:00:56,421 - INFO - Early stopping triggered after 20 epochs
2026-04-21 22:00:56,421 - INFO - Loading best model for testing...
2026-04-21 22:00:57,422 - INFO - Test Results - Recall@5: 0.0709, NDCG@5: 0.0412 - Recall@10: 0.1005, NDCG@10: 0.0508
2026-04-21 22:00:57,422 - INFO - Training completed!
2026-04-21 22:01:24,467 - INFO - Training arguments: Namespace(dataset='beauty', root='../genrec/dataset/amazon', loss_type='ce', embed_dim=64, num_heads=2, num_blocks=2, ffn_dim=256, dropout=0.2, max_seq_len=20, batch_size=128, epochs=10, lr=0.001, weight_decay=0.0, patience=10, device='cuda', checkpoint_dir='./checkpoints', eval_k=10)
2026-04-21 22:01:24,467 - INFO - Loading datasets...
2026-04-21 22:01:31,528 - INFO - Number of items: 12101
2026-04-21 22:01:31,528 - INFO - Train samples: 22363
2026-04-21 22:01:31,528 - INFO - Valid samples: 22363
2026-04-21 22:01:31,528 - INFO - Test samples: 22363
2026-04-21 22:01:31,528 - INFO - Initializing model...
2026-04-21 22:01:31,843 - INFO - Model parameters: 867584
2026-04-21 22:01:32,850 - INFO - Starting training...
2026-04-21 22:01:37,426 - INFO - Epoch 1/10 - Train Loss: 8.9762, Recall@5: 0.0091, NDCG@5: 0.0056, Recall@10: 0.0171, NDCG@10: 0.0081
2026-04-21 22:01:37,473 - INFO - Saved best model with NDCG@10: 0.0081 to ./checkpoints/sasrec_beauty_best.pth
2026-04-21 22:01:41,795 - INFO - Epoch 2/10 - Train Loss: 8.5244, Recall@5: 0.0166, NDCG@5: 0.0103, Recall@10: 0.0319, NDCG@10: 0.0153
2026-04-21 22:01:41,838 - INFO - Saved best model with NDCG@10: 0.0153 to ./checkpoints/sasrec_beauty_best.pth
2026-04-21 22:01:45,961 - INFO - Epoch 3/10 - Train Loss: 8.1396, Recall@5: 0.0279, NDCG@5: 0.0174, Recall@10: 0.0443, NDCG@10: 0.0227
2026-04-21 22:01:46,005 - INFO - Saved best model with NDCG@10: 0.0227 to ./checkpoints/sasrec_beauty_best.pth
2026-04-21 22:01:50,276 - INFO - Epoch 4/10 - Train Loss: 7.8281, Recall@5: 0.0319, NDCG@5: 0.0197, Recall@10: 0.0544, NDCG@10: 0.0269
2026-04-21 22:01:50,308 - INFO - Saved best model with NDCG@10: 0.0269 to ./checkpoints/sasrec_beauty_best.pth
2026-04-21 22:01:54,701 - INFO - Epoch 5/10 - Train Loss: 7.5530, Recall@5: 0.0413, NDCG@5: 0.0257, Recall@10: 0.0636, NDCG@10: 0.0329
2026-04-21 22:01:54,738 - INFO - Saved best model with NDCG@10: 0.0329 to ./checkpoints/sasrec_beauty_best.pth
2026-04-21 22:01:59,195 - INFO - Epoch 6/10 - Train Loss: 7.3082, Recall@5: 0.0461, NDCG@5: 0.0286, Recall@10: 0.0719, NDCG@10: 0.0369
2026-04-21 22:01:59,233 - INFO - Saved best model with NDCG@10: 0.0369 to ./checkpoints/sasrec_beauty_best.pth
2026-04-21 22:02:03,713 - INFO - Epoch 7/10 - Train Loss: 7.0866, Recall@5: 0.0498, NDCG@5: 0.0301, Recall@10: 0.0763, NDCG@10: 0.0386
2026-04-21 22:02:03,758 - INFO - Saved best model with NDCG@10: 0.0386 to ./checkpoints/sasrec_beauty_best.pth
2026-04-21 22:02:08,307 - INFO - Epoch 8/10 - Train Loss: 6.8937, Recall@5: 0.0488, NDCG@5: 0.0297, Recall@10: 0.0763, NDCG@10: 0.0386
2026-04-21 22:02:12,715 - INFO - Epoch 9/10 - Train Loss: 6.7240, Recall@5: 0.0511, NDCG@5: 0.0309, Recall@10: 0.0781, NDCG@10: 0.0395
2026-04-21 22:02:12,758 - INFO - Saved best model with NDCG@10: 0.0395 to ./checkpoints/sasrec_beauty_best.pth
2026-04-21 22:02:17,001 - INFO - Epoch 10/10 - Train Loss: 6.5796, Recall@5: 0.0517, NDCG@5: 0.0310, Recall@10: 0.0793, NDCG@10: 0.0399
2026-04-21 22:02:17,044 - INFO - Saved best model with NDCG@10: 0.0399 to ./checkpoints/sasrec_beauty_best.pth
2026-04-21 22:02:17,044 - INFO - Loading best model for testing...
2026-04-21 22:02:17,995 - INFO - Test Results - Recall@5: 0.0688, NDCG@5: 0.0393 - Recall@10: 0.1005, NDCG@10: 0.0495
2026-04-21 22:02:17,996 - INFO - Training completed!
2026-04-21 22:02:44,150 - INFO - Training arguments: Namespace(dataset='beauty', root='../genrec/dataset/amazon', loss_type='ce', embed_dim=64, num_heads=2, num_blocks=2, ffn_dim=256, dropout=0.2, max_seq_len=20, batch_size=128, epochs=30, lr=0.001, weight_decay=0.0, patience=10, device='cuda', checkpoint_dir='./checkpoints', eval_k=10)
2026-04-21 22:02:44,150 - INFO - Loading datasets...
2026-04-21 22:02:51,204 - INFO - Number of items: 12101
2026-04-21 22:02:51,204 - INFO - Train samples: 22363
2026-04-21 22:02:51,204 - INFO - Valid samples: 22363
2026-04-21 22:02:51,204 - INFO - Test samples: 22363
2026-04-21 22:02:51,205 - INFO - Initializing model...
2026-04-21 22:02:51,450 - INFO - Model parameters: 867584
2026-04-21 22:02:52,430 - INFO - Starting training...
2026-04-21 22:02:57,088 - INFO - Epoch 1/30 - Train Loss: 8.9681, Recall@5: 0.0090, NDCG@5: 0.0056, Recall@10: 0.0180, NDCG@10: 0.0086
2026-04-21 22:02:57,139 - INFO - Saved best model with NDCG@10: 0.0086 to ./checkpoints/sasrec_beauty_best.pth
2026-04-21 22:03:01,710 - INFO - Epoch 2/30 - Train Loss: 8.5042, Recall@5: 0.0199, NDCG@5: 0.0121, Recall@10: 0.0337, NDCG@10: 0.0164
2026-04-21 22:03:01,752 - INFO - Saved best model with NDCG@10: 0.0164 to ./checkpoints/sasrec_beauty_best.pth
2026-04-21 22:03:06,148 - INFO - Epoch 3/30 - Train Loss: 8.1234, Recall@5: 0.0256, NDCG@5: 0.0153, Recall@10: 0.0439, NDCG@10: 0.0213
2026-04-21 22:03:06,188 - INFO - Saved best model with NDCG@10: 0.0213 to ./checkpoints/sasrec_beauty_best.pth
2026-04-21 22:03:10,499 - INFO - Epoch 4/30 - Train Loss: 7.8297, Recall@5: 0.0350, NDCG@5: 0.0219, Recall@10: 0.0549, NDCG@10: 0.0283
2026-04-21 22:03:10,556 - INFO - Saved best model with NDCG@10: 0.0283 to ./checkpoints/sasrec_beauty_best.pth
2026-04-21 22:03:14,790 - INFO - Epoch 5/30 - Train Loss: 7.5693, Recall@5: 0.0385, NDCG@5: 0.0242, Recall@10: 0.0631, NDCG@10: 0.0321
2026-04-21 22:03:14,832 - INFO - Saved best model with NDCG@10: 0.0321 to ./checkpoints/sasrec_beauty_best.pth
2026-04-21 22:03:19,130 - INFO - Epoch 6/30 - Train Loss: 7.3275, Recall@5: 0.0437, NDCG@5: 0.0271, Recall@10: 0.0700, NDCG@10: 0.0356
2026-04-21 22:03:19,182 - INFO - Saved best model with NDCG@10: 0.0356 to ./checkpoints/sasrec_beauty_best.pth
2026-04-21 22:03:23,695 - INFO - Epoch 7/30 - Train Loss: 7.1083, Recall@5: 0.0461, NDCG@5: 0.0279, Recall@10: 0.0722, NDCG@10: 0.0362
2026-04-21 22:03:23,737 - INFO - Saved best model with NDCG@10: 0.0362 to ./checkpoints/sasrec_beauty_best.pth
2026-04-21 22:03:27,869 - INFO - Epoch 8/30 - Train Loss: 6.9087, Recall@5: 0.0502, NDCG@5: 0.0306, Recall@10: 0.0776, NDCG@10: 0.0394
2026-04-21 22:03:27,912 - INFO - Saved best model with NDCG@10: 0.0394 to ./checkpoints/sasrec_beauty_best.pth
2026-04-21 22:03:32,331 - INFO - Epoch 9/30 - Train Loss: 6.7352, Recall@5: 0.0495, NDCG@5: 0.0298, Recall@10: 0.0776, NDCG@10: 0.0389
2026-04-21 22:03:36,687 - INFO - Epoch 10/30 - Train Loss: 6.5871, Recall@5: 0.0517, NDCG@5: 0.0317, Recall@10: 0.0808, NDCG@10: 0.0411
2026-04-21 22:03:36,721 - INFO - Saved best model with NDCG@10: 0.0411 to ./checkpoints/sasrec_beauty_best.pth
2026-04-21 22:03:40,908 - INFO - Epoch 11/30 - Train Loss: 6.4620, Recall@5: 0.0531, NDCG@5: 0.0324, Recall@10: 0.0797, NDCG@10: 0.0411
2026-04-21 22:03:45,305 - INFO - Epoch 12/30 - Train Loss: 6.3523, Recall@5: 0.0523, NDCG@5: 0.0310, Recall@10: 0.0783, NDCG@10: 0.0395
2026-04-21 22:03:49,875 - INFO - Epoch 13/30 - Train Loss: 6.2654, Recall@5: 0.0531, NDCG@5: 0.0321, Recall@10: 0.0775, NDCG@10: 0.0400
2026-04-21 22:03:54,128 - INFO - Epoch 14/30 - Train Loss: 6.1864, Recall@5: 0.0530, NDCG@5: 0.0323, Recall@10: 0.0788, NDCG@10: 0.0406
2026-04-21 22:03:58,264 - INFO - Epoch 15/30 - Train Loss: 6.1156, Recall@5: 0.0521, NDCG@5: 0.0319, Recall@10: 0.0773, NDCG@10: 0.0400
2026-04-21 22:04:02,830 - INFO - Epoch 16/30 - Train Loss: 6.0539, Recall@5: 0.0518, NDCG@5: 0.0311, Recall@10: 0.0782, NDCG@10: 0.0396
2026-04-21 22:04:07,537 - INFO - Epoch 17/30 - Train Loss: 5.9949, Recall@5: 0.0507, NDCG@5: 0.0314, Recall@10: 0.0756, NDCG@10: 0.0394
2026-04-21 22:04:11,744 - INFO - Epoch 18/30 - Train Loss: 5.9460, Recall@5: 0.0505, NDCG@5: 0.0313, Recall@10: 0.0748, NDCG@10: 0.0392
2026-04-21 22:04:16,260 - INFO - Epoch 19/30 - Train Loss: 5.8998, Recall@5: 0.0497, NDCG@5: 0.0310, Recall@10: 0.0729, NDCG@10: 0.0384
2026-04-21 22:04:20,525 - INFO - Epoch 20/30 - Train Loss: 5.8555, Recall@5: 0.0506, NDCG@5: 0.0319, Recall@10: 0.0735, NDCG@10: 0.0393
2026-04-21 22:04:20,525 - INFO - Early stopping triggered after 20 epochs
2026-04-21 22:04:20,525 - INFO - Loading best model for testing...
2026-04-21 22:04:21,738 - INFO - Test Results - Recall@5: 0.0672, NDCG@5: 0.0390 - Recall@10: 0.1006, NDCG@10: 0.0498
2026-04-21 22:04:21,738 - INFO - Training completed!
2026-04-21 22:25:34,797 - INFO - Training arguments: Namespace(dataset='beauty', root='../genrec/dataset/amazon', loss_type='ce', embed_dim=64, num_heads=2, num_blocks=2, ffn_dim=256, dropout=0.2, max_seq_len=20, batch_size=128, epochs=30, lr=0.001, weight_decay=0.0, patience=10, device='cuda', checkpoint_dir='./checkpoints', eval_k=10)
2026-04-21 22:25:34,797 - INFO - Loading datasets...
2026-04-21 22:25:42,026 - INFO - Number of items: 12101
2026-04-21 22:25:42,026 - INFO - Train samples: 22363
2026-04-21 22:25:42,026 - INFO - Valid samples: 22363
2026-04-21 22:25:42,026 - INFO - Test samples: 22363
2026-04-21 22:25:42,027 - INFO - Initializing model...
2026-04-21 22:25:42,306 - INFO - Model parameters: 867584
2026-04-21 22:25:43,327 - INFO - Starting training...
2026-04-21 22:25:48,271 - INFO - Epoch 1/30 - Train Loss: 8.9761, Recall@5: 0.0104, NDCG@5: 0.0063, Recall@10: 0.0182, NDCG@10: 0.0088
2026-04-21 22:25:48,349 - INFO - Saved best model with NDCG@10: 0.0088 to ./checkpoints/sasrec_beauty_best.pth
2026-04-21 22:25:52,973 - INFO - Epoch 2/30 - Train Loss: 8.5412, Recall@5: 0.0149, NDCG@5: 0.0096, Recall@10: 0.0286, NDCG@10: 0.0140
2026-04-21 22:25:53,021 - INFO - Saved best model with NDCG@10: 0.0140 to ./checkpoints/sasrec_beauty_best.pth
2026-04-21 22:25:57,407 - INFO - Epoch 3/30 - Train Loss: 8.1675, Recall@5: 0.0238, NDCG@5: 0.0145, Recall@10: 0.0416, NDCG@10: 0.0202
2026-04-21 22:25:57,451 - INFO - Saved best model with NDCG@10: 0.0202 to ./checkpoints/sasrec_beauty_best.pth
2026-04-21 22:26:01,956 - INFO - Epoch 4/30 - Train Loss: 7.8411, Recall@5: 0.0330, NDCG@5: 0.0203, Recall@10: 0.0559, NDCG@10: 0.0276
2026-04-21 22:26:02,035 - INFO - Saved best model with NDCG@10: 0.0276 to ./checkpoints/sasrec_beauty_best.pth
2026-04-21 22:26:06,594 - INFO - Epoch 5/30 - Train Loss: 7.5622, Recall@5: 0.0405, NDCG@5: 0.0247, Recall@10: 0.0643, NDCG@10: 0.0323
2026-04-21 22:26:06,669 - INFO - Saved best model with NDCG@10: 0.0323 to ./checkpoints/sasrec_beauty_best.pth
2026-04-21 22:26:11,225 - INFO - Epoch 6/30 - Train Loss: 7.3130, Recall@5: 0.0455, NDCG@5: 0.0281, Recall@10: 0.0732, NDCG@10: 0.0370
2026-04-21 22:26:11,305 - INFO - Saved best model with NDCG@10: 0.0370 to ./checkpoints/sasrec_beauty_best.pth
2026-04-21 22:26:15,828 - INFO - Epoch 7/30 - Train Loss: 7.0901, Recall@5: 0.0476, NDCG@5: 0.0292, Recall@10: 0.0771, NDCG@10: 0.0387
2026-04-21 22:26:15,900 - INFO - Saved best model with NDCG@10: 0.0387 to ./checkpoints/sasrec_beauty_best.pth
2026-04-21 22:26:20,456 - INFO - Epoch 8/30 - Train Loss: 6.8972, Recall@5: 0.0498, NDCG@5: 0.0298, Recall@10: 0.0789, NDCG@10: 0.0392
2026-04-21 22:26:20,537 - INFO - Saved best model with NDCG@10: 0.0392 to ./checkpoints/sasrec_beauty_best.pth
2026-04-21 22:26:24,832 - INFO - Epoch 9/30 - Train Loss: 6.7230, Recall@5: 0.0497, NDCG@5: 0.0296, Recall@10: 0.0786, NDCG@10: 0.0389
2026-04-21 22:26:29,251 - INFO - Epoch 10/30 - Train Loss: 6.5788, Recall@5: 0.0514, NDCG@5: 0.0301, Recall@10: 0.0789, NDCG@10: 0.0389
2026-04-21 22:26:33,657 - INFO - Epoch 11/30 - Train Loss: 6.4579, Recall@5: 0.0516, NDCG@5: 0.0304, Recall@10: 0.0788, NDCG@10: 0.0392
2026-04-21 22:26:33,724 - INFO - Saved best model with NDCG@10: 0.0392 to ./checkpoints/sasrec_beauty_best.pth
2026-04-21 22:26:38,264 - INFO - Epoch 12/30 - Train Loss: 6.3527, Recall@5: 0.0526, NDCG@5: 0.0307, Recall@10: 0.0792, NDCG@10: 0.0393
2026-04-21 22:26:38,344 - INFO - Saved best model with NDCG@10: 0.0393 to ./checkpoints/sasrec_beauty_best.pth
2026-04-21 22:26:42,710 - INFO - Epoch 13/30 - Train Loss: 6.2588, Recall@5: 0.0517, NDCG@5: 0.0309, Recall@10: 0.0788, NDCG@10: 0.0396
2026-04-21 22:26:42,786 - INFO - Saved best model with NDCG@10: 0.0396 to ./checkpoints/sasrec_beauty_best.pth
2026-04-21 22:26:47,083 - INFO - Epoch 14/30 - Train Loss: 6.1883, Recall@5: 0.0503, NDCG@5: 0.0301, Recall@10: 0.0779, NDCG@10: 0.0390
2026-04-21 22:26:51,595 - INFO - Epoch 15/30 - Train Loss: 6.1137, Recall@5: 0.0490, NDCG@5: 0.0299, Recall@10: 0.0764, NDCG@10: 0.0387
2026-04-22 10:24:51,616 - INFO - Training arguments: Namespace(dataset='beauty', root='../genrec/dataset/amazon', loss_type='ce', embed_dim=64, num_heads=2, num_blocks=2, ffn_dim=256, dropout=0.2, max_seq_len=50, batch_size=128, epochs=30, lr=0.001, weight_decay=0.0, patience=10, device='cuda', checkpoint_dir='./checkpoints', eval_k=10)
2026-04-22 10:24:51,616 - INFO - Loading datasets...
2026-04-22 10:24:58,729 - INFO - Number of items: 12101
2026-04-22 10:24:58,729 - INFO - Train samples: 22363
2026-04-22 10:24:58,729 - INFO - Valid samples: 22363
2026-04-22 10:24:58,730 - INFO - Test samples: 22363
2026-04-22 10:24:58,730 - INFO - Initializing model...
2026-04-22 10:24:58,949 - INFO - Model parameters: 869504
2026-04-22 10:24:59,959 - INFO - Starting training...
2026-04-22 10:25:04,963 - INFO - Epoch 1/30 - Train Loss: 8.9355, Recall@5: 0.0097, NDCG@5: 0.0059, Recall@10: 0.0157, NDCG@10: 0.0078
2026-04-22 10:25:05,008 - INFO - Saved best model with NDCG@10: 0.0078 to ./checkpoints/sasrec_beauty_best.pth
2026-04-22 10:25:09,393 - INFO - Epoch 2/30 - Train Loss: 8.4698, Recall@5: 0.0171, NDCG@5: 0.0105, Recall@10: 0.0309, NDCG@10: 0.0149
2026-04-22 10:25:09,439 - INFO - Saved best model with NDCG@10: 0.0149 to ./checkpoints/sasrec_beauty_best.pth
2026-04-22 10:25:13,840 - INFO - Epoch 3/30 - Train Loss: 8.0865, Recall@5: 0.0239, NDCG@5: 0.0141, Recall@10: 0.0406, NDCG@10: 0.0195
2026-04-22 10:25:13,883 - INFO - Saved best model with NDCG@10: 0.0195 to ./checkpoints/sasrec_beauty_best.pth
2026-04-22 10:25:18,486 - INFO - Epoch 4/30 - Train Loss: 7.7859, Recall@5: 0.0327, NDCG@5: 0.0202, Recall@10: 0.0526, NDCG@10: 0.0266
2026-04-22 10:25:18,529 - INFO - Saved best model with NDCG@10: 0.0266 to ./checkpoints/sasrec_beauty_best.pth
2026-04-22 10:25:23,217 - INFO - Epoch 5/30 - Train Loss: 7.5207, Recall@5: 0.0390, NDCG@5: 0.0236, Recall@10: 0.0642, NDCG@10: 0.0317
2026-04-22 10:25:23,266 - INFO - Saved best model with NDCG@10: 0.0317 to ./checkpoints/sasrec_beauty_best.pth
2026-04-22 10:25:27,820 - INFO - Epoch 6/30 - Train Loss: 7.2800, Recall@5: 0.0436, NDCG@5: 0.0267, Recall@10: 0.0708, NDCG@10: 0.0354
2026-04-22 10:25:27,861 - INFO - Saved best model with NDCG@10: 0.0354 to ./checkpoints/sasrec_beauty_best.pth
2026-04-22 10:25:32,475 - INFO - Epoch 7/30 - Train Loss: 7.0705, Recall@5: 0.0467, NDCG@5: 0.0283, Recall@10: 0.0757, NDCG@10: 0.0376
2026-04-22 10:25:32,518 - INFO - Saved best model with NDCG@10: 0.0376 to ./checkpoints/sasrec_beauty_best.pth
2026-04-22 10:25:37,170 - INFO - Epoch 8/30 - Train Loss: 6.8799, Recall@5: 0.0501, NDCG@5: 0.0304, Recall@10: 0.0785, NDCG@10: 0.0395
2026-04-22 10:25:37,208 - INFO - Saved best model with NDCG@10: 0.0395 to ./checkpoints/sasrec_beauty_best.pth
2026-04-22 10:25:41,911 - INFO - Epoch 9/30 - Train Loss: 6.7241, Recall@5: 0.0511, NDCG@5: 0.0308, Recall@10: 0.0805, NDCG@10: 0.0403
2026-04-22 10:25:41,951 - INFO - Saved best model with NDCG@10: 0.0403 to ./checkpoints/sasrec_beauty_best.pth
2026-04-22 10:25:46,270 - INFO - Epoch 10/30 - Train Loss: 6.5892, Recall@5: 0.0504, NDCG@5: 0.0304, Recall@10: 0.0800, NDCG@10: 0.0399
2026-04-22 10:25:50,778 - INFO - Epoch 11/30 - Train Loss: 6.4719, Recall@5: 0.0520, NDCG@5: 0.0313, Recall@10: 0.0829, NDCG@10: 0.0413
2026-04-22 10:25:50,814 - INFO - Saved best model with NDCG@10: 0.0413 to ./checkpoints/sasrec_beauty_best.pth
2026-04-22 10:25:55,386 - INFO - Epoch 12/30 - Train Loss: 6.3686, Recall@5: 0.0533, NDCG@5: 0.0322, Recall@10: 0.0807, NDCG@10: 0.0410
2026-04-22 10:25:59,797 - INFO - Epoch 13/30 - Train Loss: 6.2863, Recall@5: 0.0522, NDCG@5: 0.0317, Recall@10: 0.0818, NDCG@10: 0.0412
2026-04-22 10:26:04,401 - INFO - Epoch 14/30 - Train Loss: 6.2144, Recall@5: 0.0524, NDCG@5: 0.0319, Recall@10: 0.0807, NDCG@10: 0.0411
2026-04-22 10:26:08,846 - INFO - Epoch 15/30 - Train Loss: 6.1515, Recall@5: 0.0529, NDCG@5: 0.0321, Recall@10: 0.0800, NDCG@10: 0.0408
2026-04-22 10:26:13,257 - INFO - Epoch 16/30 - Train Loss: 6.0942, Recall@5: 0.0510, NDCG@5: 0.0312, Recall@10: 0.0763, NDCG@10: 0.0394
2026-04-22 10:26:17,701 - INFO - Epoch 17/30 - Train Loss: 6.0397, Recall@5: 0.0536, NDCG@5: 0.0326, Recall@10: 0.0780, NDCG@10: 0.0405
2026-04-22 10:26:22,133 - INFO - Epoch 18/30 - Train Loss: 5.9886, Recall@5: 0.0528, NDCG@5: 0.0324, Recall@10: 0.0794, NDCG@10: 0.0409
2026-04-22 10:26:26,526 - INFO - Epoch 19/30 - Train Loss: 5.9477, Recall@5: 0.0493, NDCG@5: 0.0306, Recall@10: 0.0754, NDCG@10: 0.0390
2026-04-22 10:26:30,837 - INFO - Epoch 20/30 - Train Loss: 5.9059, Recall@5: 0.0500, NDCG@5: 0.0314, Recall@10: 0.0767, NDCG@10: 0.0400
2026-04-22 10:26:35,276 - INFO - Epoch 21/30 - Train Loss: 5.8638, Recall@5: 0.0494, NDCG@5: 0.0305, Recall@10: 0.0749, NDCG@10: 0.0387
2026-04-22 10:26:35,277 - INFO - Early stopping triggered after 21 epochs
2026-04-22 10:26:35,277 - INFO - Loading best model for testing...
2026-04-22 10:26:36,272 - INFO - Test Results - Recall@5: 0.0679, NDCG@5: 0.0399 - Recall@10: 0.1003, NDCG@10: 0.0504
2026-04-22 10:26:36,272 - INFO - Training completed!
2026-04-22 11:01:29,843 - INFO - Training arguments: Namespace(dataset='beauty', root='../genrec/dataset/amazon', loss_type='ce', embed_dim=64, num_heads=2, num_blocks=2, ffn_dim=256, dropout=0.2, max_seq_len=50, batch_size=128, epochs=30, lr=0.001, weight_decay=0.0, patience=10, device='cuda', checkpoint_dir='./checkpoints', eval_k=10)
2026-04-22 11:01:29,843 - INFO - Loading datasets...
2026-04-22 11:01:36,904 - INFO - Number of items: 12101
2026-04-22 11:01:36,904 - INFO - Train samples: 22363
2026-04-22 11:01:36,904 - INFO - Valid samples: 22363
2026-04-22 11:01:36,904 - INFO - Test samples: 22363
2026-04-22 11:01:36,904 - INFO - Initializing model...
2026-04-22 11:01:37,104 - INFO - Model parameters: 869504
2026-04-22 11:01:38,101 - INFO - Starting training...
2026-04-22 11:01:43,107 - INFO - Epoch 1/30 - Train Loss: 8.9288, Recall@5: 0.0102, NDCG@5: 0.0060, Recall@10: 0.0178, NDCG@10: 0.0085
2026-04-22 11:01:43,145 - INFO - Saved best model with NDCG@10: 0.0085 to ./checkpoints/sasrec_beauty_best.pth
2026-04-22 11:01:47,558 - INFO - Epoch 2/30 - Train Loss: 8.4602, Recall@5: 0.0157, NDCG@5: 0.0097, Recall@10: 0.0313, NDCG@10: 0.0147
2026-04-22 11:01:47,594 - INFO - Saved best model with NDCG@10: 0.0147 to ./checkpoints/sasrec_beauty_best.pth
2026-04-22 11:01:52,029 - INFO - Epoch 3/30 - Train Loss: 8.0795, Recall@5: 0.0241, NDCG@5: 0.0144, Recall@10: 0.0415, NDCG@10: 0.0200
2026-04-22 11:01:52,079 - INFO - Saved best model with NDCG@10: 0.0200 to ./checkpoints/sasrec_beauty_best.pth
2026-04-22 11:01:56,611 - INFO - Epoch 4/30 - Train Loss: 7.7763, Recall@5: 0.0308, NDCG@5: 0.0184, Recall@10: 0.0520, NDCG@10: 0.0252
2026-04-22 11:01:56,651 - INFO - Saved best model with NDCG@10: 0.0252 to ./checkpoints/sasrec_beauty_best.pth
2026-04-22 11:02:00,755 - INFO - Epoch 5/30 - Train Loss: 7.5152, Recall@5: 0.0390, NDCG@5: 0.0241, Recall@10: 0.0655, NDCG@10: 0.0326
2026-04-22 11:02:00,834 - INFO - Saved best model with NDCG@10: 0.0326 to ./checkpoints/sasrec_beauty_best.pth
2026-04-22 11:02:05,478 - INFO - Epoch 6/30 - Train Loss: 7.2811, Recall@5: 0.0443, NDCG@5: 0.0274, Recall@10: 0.0714, NDCG@10: 0.0362
2026-04-22 11:02:05,525 - INFO - Saved best model with NDCG@10: 0.0362 to ./checkpoints/sasrec_beauty_best.pth
2026-04-22 11:02:09,980 - INFO - Epoch 7/30 - Train Loss: 7.0752, Recall@5: 0.0493, NDCG@5: 0.0310, Recall@10: 0.0748, NDCG@10: 0.0391
2026-04-22 11:02:10,024 - INFO - Saved best model with NDCG@10: 0.0391 to ./checkpoints/sasrec_beauty_best.pth
2026-04-22 11:02:14,308 - INFO - Epoch 8/30 - Train Loss: 6.8935, Recall@5: 0.0500, NDCG@5: 0.0309, Recall@10: 0.0787, NDCG@10: 0.0402
2026-04-22 11:02:14,345 - INFO - Saved best model with NDCG@10: 0.0402 to ./checkpoints/sasrec_beauty_best.pth
2026-04-22 11:02:19,354 - INFO - Epoch 9/30 - Train Loss: 6.7366, Recall@5: 0.0506, NDCG@5: 0.0308, Recall@10: 0.0781, NDCG@10: 0.0397
2026-04-22 11:02:24,145 - INFO - Epoch 10/30 - Train Loss: 6.5957, Recall@5: 0.0515, NDCG@5: 0.0317, Recall@10: 0.0805, NDCG@10: 0.0410
2026-04-22 11:02:24,183 - INFO - Saved best model with NDCG@10: 0.0410 to ./checkpoints/sasrec_beauty_best.pth
2026-04-22 11:02:28,947 - INFO - Epoch 11/30 - Train Loss: 6.4817, Recall@5: 0.0534, NDCG@5: 0.0324, Recall@10: 0.0797, NDCG@10: 0.0408
2026-04-22 11:02:34,148 - INFO - Epoch 12/30 - Train Loss: 6.3827, Recall@5: 0.0532, NDCG@5: 0.0326, Recall@10: 0.0794, NDCG@10: 0.0411
2026-04-22 11:02:34,191 - INFO - Saved best model with NDCG@10: 0.0411 to ./checkpoints/sasrec_beauty_best.pth
2026-04-22 11:02:38,987 - INFO - Epoch 13/30 - Train Loss: 6.2985, Recall@5: 0.0526, NDCG@5: 0.0318, Recall@10: 0.0797, NDCG@10: 0.0405
2026-04-22 11:02:43,787 - INFO - Epoch 14/30 - Train Loss: 6.2239, Recall@5: 0.0530, NDCG@5: 0.0327, Recall@10: 0.0779, NDCG@10: 0.0408
2026-04-22 11:02:48,511 - INFO - Epoch 15/30 - Train Loss: 6.1557, Recall@5: 0.0528, NDCG@5: 0.0326, Recall@10: 0.0768, NDCG@10: 0.0404
2026-04-22 11:02:53,306 - INFO - Epoch 16/30 - Train Loss: 6.1039, Recall@5: 0.0512, NDCG@5: 0.0317, Recall@10: 0.0772, NDCG@10: 0.0401
2026-04-22 11:02:58,099 - INFO - Epoch 17/30 - Train Loss: 6.0428, Recall@5: 0.0517, NDCG@5: 0.0323, Recall@10: 0.0753, NDCG@10: 0.0399
2026-04-22 11:03:03,325 - INFO - Epoch 18/30 - Train Loss: 5.9983, Recall@5: 0.0505, NDCG@5: 0.0320, Recall@10: 0.0758, NDCG@10: 0.0401
2026-04-22 11:03:08,133 - INFO - Epoch 19/30 - Train Loss: 5.9508, Recall@5: 0.0500, NDCG@5: 0.0311, Recall@10: 0.0734, NDCG@10: 0.0386
2026-04-22 11:03:13,211 - INFO - Epoch 20/30 - Train Loss: 5.9135, Recall@5: 0.0507, NDCG@5: 0.0315, Recall@10: 0.0748, NDCG@10: 0.0392
2026-04-22 11:03:18,116 - INFO - Epoch 21/30 - Train Loss: 5.8720, Recall@5: 0.0502, NDCG@5: 0.0317, Recall@10: 0.0736, NDCG@10: 0.0392
2026-04-22 11:03:22,913 - INFO - Epoch 22/30 - Train Loss: 5.8346, Recall@5: 0.0502, NDCG@5: 0.0316, Recall@10: 0.0729, NDCG@10: 0.0389
2026-04-22 11:03:22,913 - INFO - Early stopping triggered after 22 epochs
2026-04-22 11:03:22,913 - INFO - Loading best model for testing...
2026-04-22 11:03:24,188 - INFO - Test Results - Recall@5: 0.0685, NDCG@5: 0.0407 - Recall@10: 0.0987, NDCG@10: 0.0503
2026-04-22 11:03:24,189 - INFO - Training completed!
2026-04-22 11:12:59,653 - INFO - Training arguments: Namespace(dataset='beauty', root='../genrec/dataset/amazon', loss_type='ce', embed_dim=64, num_heads=2, num_blocks=2, ffn_dim=256, dropout=0.2, max_seq_len=50, batch_size=128, epochs=30, lr=0.001, weight_decay=0.0, patience=10, device='cuda', checkpoint_dir='./checkpoints', eval_k=10)
2026-04-22 11:12:59,653 - INFO - Loading datasets...
2026-04-22 11:14:05,728 - INFO - Training arguments: Namespace(dataset='beauty', root='../genrec/dataset/amazon', loss_type='ce', embed_dim=64, num_heads=2, num_blocks=2, ffn_dim=256, dropout=0.2, max_seq_len=50, batch_size=128, epochs=30, lr=0.001, weight_decay=0.0, patience=10, device='cuda', checkpoint_dir='./checkpoints', eval_k=10)
2026-04-22 11:14:05,728 - INFO - Loading datasets...
2026-04-22 11:14:37,254 - INFO - Use pytorch device_name: cuda
2026-04-22 11:14:37,254 - INFO - Load pretrained SentenceTransformer: sentence-transformers/sentence-t5-base
2026-04-22 11:15:49,383 - INFO - Number of items: 12101
2026-04-22 11:15:49,383 - INFO - Train samples: 22363
2026-04-22 11:15:49,383 - INFO - Valid samples: 22363
2026-04-22 11:15:49,383 - INFO - Test samples: 22363
2026-04-22 11:15:49,383 - INFO - Initializing model...
2026-04-22 11:15:49,470 - INFO - Model parameters: 869504
2026-04-22 11:15:50,442 - INFO - Starting training...
2026-04-22 11:15:56,379 - INFO - Epoch 1/30 - Train Loss: 8.9301, Recall@5: 0.0103, NDCG@5: 0.0067, Recall@10: 0.0179, NDCG@10: 0.0091
2026-04-22 11:15:56,426 - INFO - Saved best model with NDCG@10: 0.0091 to ./checkpoints/sasrec_beauty_best.pth
2026-04-22 11:16:01,713 - INFO - Epoch 2/30 - Train Loss: 8.4334, Recall@5: 0.0161, NDCG@5: 0.0100, Recall@10: 0.0313, NDCG@10: 0.0148
2026-04-22 11:16:01,755 - INFO - Saved best model with NDCG@10: 0.0148 to ./checkpoints/sasrec_beauty_best.pth
2026-04-22 11:16:06,749 - INFO - Epoch 3/30 - Train Loss: 8.0532, Recall@5: 0.0275, NDCG@5: 0.0163, Recall@10: 0.0448, NDCG@10: 0.0219
2026-04-22 11:16:06,784 - INFO - Saved best model with NDCG@10: 0.0219 to ./checkpoints/sasrec_beauty_best.pth
2026-04-22 11:16:12,015 - INFO - Epoch 4/30 - Train Loss: 7.7606, Recall@5: 0.0331, NDCG@5: 0.0197, Recall@10: 0.0539, NDCG@10: 0.0264
2026-04-22 11:16:12,055 - INFO - Saved best model with NDCG@10: 0.0264 to ./checkpoints/sasrec_beauty_best.pth
2026-04-22 11:16:17,449 - INFO - Epoch 5/30 - Train Loss: 7.5101, Recall@5: 0.0392, NDCG@5: 0.0246, Recall@10: 0.0626, NDCG@10: 0.0321
2026-04-22 11:16:17,488 - INFO - Saved best model with NDCG@10: 0.0321 to ./checkpoints/sasrec_beauty_best.pth
2026-04-22 11:16:22,763 - INFO - Epoch 6/30 - Train Loss: 7.2841, Recall@5: 0.0426, NDCG@5: 0.0272, Recall@10: 0.0681, NDCG@10: 0.0354
2026-04-22 11:16:22,804 - INFO - Saved best model with NDCG@10: 0.0354 to ./checkpoints/sasrec_beauty_best.pth
2026-04-22 11:16:28,224 - INFO - Epoch 7/30 - Train Loss: 7.0820, Recall@5: 0.0477, NDCG@5: 0.0292, Recall@10: 0.0771, NDCG@10: 0.0386
2026-04-22 11:16:28,269 - INFO - Saved best model with NDCG@10: 0.0386 to ./checkpoints/sasrec_beauty_best.pth
2026-04-22 11:16:33,303 - INFO - Training arguments: Namespace(dataset='beauty', root='../genrec/dataset/amazon', loss_type='ce', embed_dim=64, num_heads=2, num_blocks=2, ffn_dim=256, dropout=0.2, max_seq_len=50, batch_size=128, epochs=30, lr=0.001, weight_decay=0.0, patience=10, device='cuda', checkpoint_dir='./checkpoints', eval_k=10)
2026-04-22 11:16:33,303 - INFO - Loading datasets...
2026-04-22 11:16:42,323 - INFO - Number of items: 12101
2026-04-22 11:16:42,323 - INFO - Train samples: 22363
2026-04-22 11:16:42,323 - INFO - Valid samples: 22363
2026-04-22 11:16:42,323 - INFO - Test samples: 22363
2026-04-22 11:16:42,324 - INFO - Initializing model...
2026-04-22 11:16:42,769 - INFO - Model parameters: 869504
2026-04-22 11:16:43,826 - INFO - Starting training...
2026-04-22 11:16:49,747 - INFO - Epoch 1/30 - Train Loss: 8.9261, Recall@5: 0.0095, NDCG@5: 0.0063, Recall@10: 0.0175, NDCG@10: 0.0089
2026-04-22 11:16:49,776 - INFO - Saved best model with NDCG@10: 0.0089 to ./checkpoints/sasrec_beauty_best.pth
2026-04-22 11:16:55,314 - INFO - Epoch 2/30 - Train Loss: 8.4696, Recall@5: 0.0141, NDCG@5: 0.0091, Recall@10: 0.0271, NDCG@10: 0.0132
2026-04-22 11:16:55,356 - INFO - Saved best model with NDCG@10: 0.0132 to ./checkpoints/sasrec_beauty_best.pth
2026-04-22 11:17:00,239 - INFO - Epoch 3/30 - Train Loss: 8.0862, Recall@5: 0.0243, NDCG@5: 0.0147, Recall@10: 0.0392, NDCG@10: 0.0194
2026-04-22 11:17:00,281 - INFO - Saved best model with NDCG@10: 0.0194 to ./checkpoints/sasrec_beauty_best.pth
2026-04-22 11:17:05,960 - INFO - Epoch 4/30 - Train Loss: 7.7856, Recall@5: 0.0316, NDCG@5: 0.0192, Recall@10: 0.0527, NDCG@10: 0.0261
2026-04-22 11:17:06,006 - INFO - Saved best model with NDCG@10: 0.0261 to ./checkpoints/sasrec_beauty_best.pth
2026-04-22 11:17:11,381 - INFO - Epoch 5/30 - Train Loss: 7.5198, Recall@5: 0.0393, NDCG@5: 0.0244, Recall@10: 0.0625, NDCG@10: 0.0319
2026-04-22 11:17:11,426 - INFO - Saved best model with NDCG@10: 0.0319 to ./checkpoints/sasrec_beauty_best.pth
2026-04-22 11:17:16,624 - INFO - Epoch 6/30 - Train Loss: 7.2917, Recall@5: 0.0449, NDCG@5: 0.0277, Recall@10: 0.0707, NDCG@10: 0.0360
2026-04-22 11:17:16,666 - INFO - Saved best model with NDCG@10: 0.0360 to ./checkpoints/sasrec_beauty_best.pth
2026-04-22 11:17:21,904 - INFO - Epoch 7/30 - Train Loss: 7.0821, Recall@5: 0.0477, NDCG@5: 0.0292, Recall@10: 0.0733, NDCG@10: 0.0374
2026-04-22 11:17:21,949 - INFO - Saved best model with NDCG@10: 0.0374 to ./checkpoints/sasrec_beauty_best.pth
2026-04-22 11:17:27,189 - INFO - Epoch 8/30 - Train Loss: 6.8966, Recall@5: 0.0518, NDCG@5: 0.0313, Recall@10: 0.0807, NDCG@10: 0.0406
2026-04-22 11:17:27,234 - INFO - Saved best model with NDCG@10: 0.0406 to ./checkpoints/sasrec_beauty_best.pth
2026-04-22 11:17:32,490 - INFO - Epoch 9/30 - Train Loss: 6.7361, Recall@5: 0.0514, NDCG@5: 0.0312, Recall@10: 0.0790, NDCG@10: 0.0401
2026-04-22 11:17:37,520 - INFO - Epoch 10/30 - Train Loss: 6.5982, Recall@5: 0.0517, NDCG@5: 0.0314, Recall@10: 0.0797, NDCG@10: 0.0404
2026-04-22 11:17:42,506 - INFO - Epoch 11/30 - Train Loss: 6.4818, Recall@5: 0.0521, NDCG@5: 0.0314, Recall@10: 0.0799, NDCG@10: 0.0403
2026-04-22 11:17:47,741 - INFO - Epoch 12/30 - Train Loss: 6.3859, Recall@5: 0.0529, NDCG@5: 0.0320, Recall@10: 0.0811, NDCG@10: 0.0411
2026-04-22 11:17:47,785 - INFO - Saved best model with NDCG@10: 0.0411 to ./checkpoints/sasrec_beauty_best.pth
2026-04-22 11:17:52,669 - INFO - Epoch 13/30 - Train Loss: 6.3019, Recall@5: 0.0519, NDCG@5: 0.0315, Recall@10: 0.0793, NDCG@10: 0.0403
2026-04-22 11:17:57,893 - INFO - Epoch 14/30 - Train Loss: 6.2232, Recall@5: 0.0514, NDCG@5: 0.0311, Recall@10: 0.0807, NDCG@10: 0.0406
2026-04-22 11:18:03,237 - INFO - Epoch 15/30 - Train Loss: 6.1547, Recall@5: 0.0497, NDCG@5: 0.0309, Recall@10: 0.0767, NDCG@10: 0.0396
2026-04-22 11:18:08,490 - INFO - Epoch 16/30 - Train Loss: 6.1025, Recall@5: 0.0507, NDCG@5: 0.0314, Recall@10: 0.0774, NDCG@10: 0.0400
2026-04-22 11:18:13,767 - INFO - Epoch 17/30 - Train Loss: 6.0499, Recall@5: 0.0517, NDCG@5: 0.0320, Recall@10: 0.0774, NDCG@10: 0.0402
2026-04-22 11:18:19,236 - INFO - Epoch 18/30 - Train Loss: 5.9999, Recall@5: 0.0504, NDCG@5: 0.0310, Recall@10: 0.0760, NDCG@10: 0.0392
2026-04-22 11:18:24,881 - INFO - Epoch 19/30 - Train Loss: 5.9496, Recall@5: 0.0495, NDCG@5: 0.0309, Recall@10: 0.0757, NDCG@10: 0.0394
2026-04-22 11:20:34,929 - INFO - Training arguments: Namespace(dataset='beauty', root='../genrec/dataset/amazon', loss_type='ce', embed_dim=64, num_heads=2, num_blocks=2, ffn_dim=256, dropout=0.2, max_seq_len=50, batch_size=128, epochs=30, lr=0.001, weight_decay=0.0, patience=10, device='cuda', checkpoint_dir='./checkpoints', eval_k=10)
2026-04-22 11:20:34,929 - INFO - Loading datasets...
2026-04-22 11:20:43,770 - INFO - Number of items: 12101
2026-04-22 11:20:43,770 - INFO - Train samples: 22363
2026-04-22 11:20:43,770 - INFO - Valid samples: 22363
2026-04-22 11:20:43,770 - INFO - Test samples: 22363
2026-04-22 11:20:43,771 - INFO - Initializing model...
2026-04-22 11:20:44,358 - INFO - Model parameters: 869504
2026-04-22 11:20:45,380 - INFO - Starting training...
2026-04-22 11:20:51,749 - INFO - Epoch 1/30 - Train Loss: 8.9391, Recall@5: 0.0091, NDCG@5: 0.0057, Recall@10: 0.0171, NDCG@10: 0.0082
2026-04-22 11:20:51,808 - INFO - Saved best model with NDCG@10: 0.0082 to ./checkpoints/sasrec_beauty_best.pth
2026-04-22 11:20:57,380 - INFO - Epoch 2/30 - Train Loss: 8.4710, Recall@5: 0.0168, NDCG@5: 0.0103, Recall@10: 0.0302, NDCG@10: 0.0146
2026-04-22 11:20:57,421 - INFO - Saved best model with NDCG@10: 0.0146 to ./checkpoints/sasrec_beauty_best.pth
2026-04-22 11:21:03,300 - INFO - Epoch 3/30 - Train Loss: 8.0855, Recall@5: 0.0229, NDCG@5: 0.0138, Recall@10: 0.0435, NDCG@10: 0.0204
2026-04-22 11:21:03,360 - INFO - Saved best model with NDCG@10: 0.0204 to ./checkpoints/sasrec_beauty_best.pth
2026-04-22 11:21:09,628 - INFO - Epoch 4/30 - Train Loss: 7.7842, Recall@5: 0.0303, NDCG@5: 0.0183, Recall@10: 0.0517, NDCG@10: 0.0251
2026-04-22 11:21:09,662 - INFO - Saved best model with NDCG@10: 0.0251 to ./checkpoints/sasrec_beauty_best.pth
2026-04-22 11:21:15,352 - INFO - Epoch 5/30 - Train Loss: 7.5196, Recall@5: 0.0372, NDCG@5: 0.0230, Recall@10: 0.0624, NDCG@10: 0.0311
2026-04-22 11:21:15,387 - INFO - Saved best model with NDCG@10: 0.0311 to ./checkpoints/sasrec_beauty_best.pth
2026-04-22 11:21:20,914 - INFO - Epoch 6/30 - Train Loss: 7.2864, Recall@5: 0.0437, NDCG@5: 0.0270, Recall@10: 0.0713, NDCG@10: 0.0359
2026-04-22 11:21:20,944 - INFO - Saved best model with NDCG@10: 0.0359 to ./checkpoints/sasrec_beauty_best.pth
2026-04-22 11:21:26,315 - INFO - Epoch 7/30 - Train Loss: 7.0787, Recall@5: 0.0480, NDCG@5: 0.0299, Recall@10: 0.0745, NDCG@10: 0.0384
2026-04-22 11:21:26,357 - INFO - Saved best model with NDCG@10: 0.0384 to ./checkpoints/sasrec_beauty_best.pth
2026-04-22 11:21:31,744 - INFO - Epoch 8/30 - Train Loss: 6.8939, Recall@5: 0.0513, NDCG@5: 0.0317, Recall@10: 0.0784, NDCG@10: 0.0404
2026-04-22 11:21:31,789 - INFO - Saved best model with NDCG@10: 0.0404 to ./checkpoints/sasrec_beauty_best.pth
2026-04-22 11:21:37,235 - INFO - Epoch 9/30 - Train Loss: 6.7320, Recall@5: 0.0507, NDCG@5: 0.0314, Recall@10: 0.0798, NDCG@10: 0.0408
2026-04-22 11:21:37,281 - INFO - Saved best model with NDCG@10: 0.0408 to ./checkpoints/sasrec_beauty_best.pth
2026-04-22 11:21:42,303 - INFO - Epoch 10/30 - Train Loss: 6.5956, Recall@5: 0.0519, NDCG@5: 0.0313, Recall@10: 0.0788, NDCG@10: 0.0399
2026-04-22 11:21:47,489 - INFO - Epoch 11/30 - Train Loss: 6.4757, Recall@5: 0.0519, NDCG@5: 0.0311, Recall@10: 0.0789, NDCG@10: 0.0397
2026-04-22 11:21:53,132 - INFO - Epoch 12/30 - Train Loss: 6.3688, Recall@5: 0.0522, NDCG@5: 0.0313, Recall@10: 0.0794, NDCG@10: 0.0401
2026-04-22 11:21:58,267 - INFO - Epoch 13/30 - Train Loss: 6.2866, Recall@5: 0.0526, NDCG@5: 0.0317, Recall@10: 0.0800, NDCG@10: 0.0405
2026-04-22 11:22:03,971 - INFO - Epoch 14/30 - Train Loss: 6.2133, Recall@5: 0.0529, NDCG@5: 0.0318, Recall@10: 0.0796, NDCG@10: 0.0404
2026-04-22 11:22:09,518 - INFO - Epoch 15/30 - Train Loss: 6.1440, Recall@5: 0.0522, NDCG@5: 0.0317, Recall@10: 0.0779, NDCG@10: 0.0400
2026-04-22 11:22:15,157 - INFO - Epoch 16/30 - Train Loss: 6.0859, Recall@5: 0.0505, NDCG@5: 0.0311, Recall@10: 0.0771, NDCG@10: 0.0397
2026-04-22 11:22:20,912 - INFO - Epoch 17/30 - Train Loss: 6.0330, Recall@5: 0.0485, NDCG@5: 0.0303, Recall@10: 0.0745, NDCG@10: 0.0386
2026-04-22 11:22:26,729 - INFO - Epoch 18/30 - Train Loss: 5.9834, Recall@5: 0.0492, NDCG@5: 0.0305, Recall@10: 0.0738, NDCG@10: 0.0384
2026-04-22 11:22:32,653 - INFO - Epoch 19/30 - Train Loss: 5.9371, Recall@5: 0.0512, NDCG@5: 0.0319, Recall@10: 0.0766, NDCG@10: 0.0401
2026-04-22 11:22:32,653 - INFO - Early stopping triggered after 19 epochs
2026-04-22 11:22:32,654 - INFO - Loading best model for testing...
2026-04-22 11:22:34,834 - INFO - Test Results - Recall@5: 0.0691, NDCG@5: 0.0406 - Recall@10: 0.1013, NDCG@10: 0.0510
2026-04-22 11:22:34,834 - INFO - Training completed!
2026-04-22 11:31:47,255 - INFO - Training arguments: Namespace(dataset='beauty', root='../genrec/dataset/amazon', loss_type='ce', embed_dim=64, num_heads=2, num_blocks=2, ffn_dim=256, dropout=0.2, max_seq_len=50, batch_size=128, epochs=30, lr=0.001, weight_decay=0.0, patience=10, device='cuda', checkpoint_dir='./checkpoints', eval_k=10)
2026-04-22 11:31:47,255 - INFO - Loading datasets...
2026-04-22 11:31:56,000 - INFO - Number of items: 12101
2026-04-22 11:31:56,000 - INFO - Train samples: 22363
2026-04-22 11:31:56,000 - INFO - Valid samples: 22363
2026-04-22 11:31:56,000 - INFO - Test samples: 22363
2026-04-22 11:31:56,001 - INFO - Initializing model...
2026-04-22 11:31:56,645 - INFO - Model parameters: 869504
2026-04-22 11:31:57,660 - INFO - Starting training...
2026-04-22 11:32:03,331 - INFO - Epoch 1/30 - Train Loss: 8.9195, Recall@5: 0.0096, NDCG@5: 0.0061, Recall@10: 0.0173, NDCG@10: 0.0086
2026-04-22 11:32:03,376 - INFO - Saved best model with NDCG@10: 0.0086 to ./checkpoints/sasrec_beauty_best.pth
2026-04-22 11:32:08,420 - INFO - Epoch 2/30 - Train Loss: 8.4614, Recall@5: 0.0172, NDCG@5: 0.0104, Recall@10: 0.0293, NDCG@10: 0.0143
2026-04-22 11:32:08,467 - INFO - Saved best model with NDCG@10: 0.0143 to ./checkpoints/sasrec_beauty_best.pth
2026-04-22 11:32:14,026 - INFO - Epoch 3/30 - Train Loss: 8.0834, Recall@5: 0.0237, NDCG@5: 0.0145, Recall@10: 0.0399, NDCG@10: 0.0197
2026-04-22 11:32:14,068 - INFO - Saved best model with NDCG@10: 0.0197 to ./checkpoints/sasrec_beauty_best.pth
2026-04-22 11:32:19,239 - INFO - Epoch 4/30 - Train Loss: 7.8008, Recall@5: 0.0296, NDCG@5: 0.0184, Recall@10: 0.0503, NDCG@10: 0.0250
2026-04-22 11:32:19,282 - INFO - Saved best model with NDCG@10: 0.0250 to ./checkpoints/sasrec_beauty_best.pth
2026-04-22 11:32:24,613 - INFO - Epoch 5/30 - Train Loss: 7.5495, Recall@5: 0.0371, NDCG@5: 0.0231, Recall@10: 0.0630, NDCG@10: 0.0314
2026-04-22 11:32:24,656 - INFO - Saved best model with NDCG@10: 0.0314 to ./checkpoints/sasrec_beauty_best.pth
2026-04-22 11:32:30,147 - INFO - Epoch 6/30 - Train Loss: 7.3146, Recall@5: 0.0415, NDCG@5: 0.0258, Recall@10: 0.0685, NDCG@10: 0.0345
2026-04-22 11:32:30,185 - INFO - Saved best model with NDCG@10: 0.0345 to ./checkpoints/sasrec_beauty_best.pth
2026-04-22 11:32:35,385 - INFO - Epoch 7/30 - Train Loss: 7.1120, Recall@5: 0.0459, NDCG@5: 0.0281, Recall@10: 0.0716, NDCG@10: 0.0363
2026-04-22 11:32:35,430 - INFO - Saved best model with NDCG@10: 0.0363 to ./checkpoints/sasrec_beauty_best.pth
2026-04-22 11:32:40,496 - INFO - Epoch 8/30 - Train Loss: 6.9267, Recall@5: 0.0491, NDCG@5: 0.0301, Recall@10: 0.0769, NDCG@10: 0.0390
2026-04-22 11:32:40,541 - INFO - Saved best model with NDCG@10: 0.0390 to ./checkpoints/sasrec_beauty_best.pth
2026-04-22 11:32:45,679 - INFO - Epoch 9/30 - Train Loss: 6.7658, Recall@5: 0.0511, NDCG@5: 0.0312, Recall@10: 0.0809, NDCG@10: 0.0407
2026-04-22 11:32:45,716 - INFO - Saved best model with NDCG@10: 0.0407 to ./checkpoints/sasrec_beauty_best.pth
2026-04-22 11:32:50,998 - INFO - Epoch 10/30 - Train Loss: 6.6224, Recall@5: 0.0497, NDCG@5: 0.0301, Recall@10: 0.0798, NDCG@10: 0.0398
2026-04-22 11:32:57,088 - INFO - Epoch 11/30 - Train Loss: 6.5030, Recall@5: 0.0521, NDCG@5: 0.0309, Recall@10: 0.0798, NDCG@10: 0.0398
2026-04-22 11:33:03,282 - INFO - Epoch 12/30 - Train Loss: 6.3970, Recall@5: 0.0513, NDCG@5: 0.0309, Recall@10: 0.0788, NDCG@10: 0.0399
2026-04-22 11:33:08,693 - INFO - Epoch 13/30 - Train Loss: 6.3099, Recall@5: 0.0532, NDCG@5: 0.0318, Recall@10: 0.0805, NDCG@10: 0.0406
2026-04-22 11:33:13,624 - INFO - Epoch 14/30 - Train Loss: 6.2280, Recall@5: 0.0499, NDCG@5: 0.0303, Recall@10: 0.0777, NDCG@10: 0.0392
2026-04-22 11:33:18,908 - INFO - Epoch 15/30 - Train Loss: 6.1602, Recall@5: 0.0521, NDCG@5: 0.0313, Recall@10: 0.0777, NDCG@10: 0.0396
2026-04-22 11:33:24,747 - INFO - Epoch 16/30 - Train Loss: 6.0987, Recall@5: 0.0505, NDCG@5: 0.0305, Recall@10: 0.0768, NDCG@10: 0.0389
2026-04-22 11:33:30,373 - INFO - Epoch 17/30 - Train Loss: 6.0450, Recall@5: 0.0503, NDCG@5: 0.0309, Recall@10: 0.0754, NDCG@10: 0.0390
2026-04-22 11:33:36,271 - INFO - Epoch 18/30 - Train Loss: 5.9952, Recall@5: 0.0514, NDCG@5: 0.0315, Recall@10: 0.0756, NDCG@10: 0.0392
2026-04-22 11:33:42,194 - INFO - Epoch 19/30 - Train Loss: 5.9521, Recall@5: 0.0495, NDCG@5: 0.0308, Recall@10: 0.0756, NDCG@10: 0.0392
2026-04-22 11:33:42,194 - INFO - Early stopping triggered after 19 epochs
2026-04-22 11:33:42,194 - INFO - Loading best model for testing...
2026-04-22 11:33:44,656 - INFO - Test Results - Recall@5: 0.0675, NDCG@5: 0.0401 - Recall@10: 0.1007, NDCG@10: 0.0508
2026-04-22 11:33:44,657 - INFO - Training completed!
2026-04-22 11:38:06,418 - INFO - Training arguments: Namespace(dataset='beauty', root='../genrec/dataset/amazon', loss_type='bce', embed_dim=64, num_heads=2, num_blocks=2, ffn_dim=256, dropout=0.2, max_seq_len=50, batch_size=128, epochs=30, lr=0.001, weight_decay=0.0, patience=10, device='cuda', checkpoint_dir='./checkpoints', eval_k=10)
2026-04-22 11:38:06,418 - INFO - Loading datasets...
2026-04-22 11:38:15,414 - INFO - Number of items: 12101
2026-04-22 11:38:15,415 - INFO - Train samples: 22363
2026-04-22 11:38:15,415 - INFO - Valid samples: 22363
2026-04-22 11:38:15,415 - INFO - Test samples: 22363
2026-04-22 11:38:15,415 - INFO - Initializing model...
2026-04-22 11:38:15,786 - INFO - Model parameters: 869504
2026-04-22 11:38:16,822 - INFO - Starting training...
2026-04-22 11:38:23,203 - INFO - Epoch 1/30 - Train Loss: 1.2730, Recall@5: 0.0069, NDCG@5: 0.0042, Recall@10: 0.0120, NDCG@10: 0.0059
2026-04-22 11:38:23,258 - INFO - Saved best model with NDCG@10: 0.0059 to ./checkpoints/sasrec_beauty_best.pth
2026-04-22 11:38:29,090 - INFO - Epoch 2/30 - Train Loss: 1.1874, Recall@5: 0.0054, NDCG@5: 0.0033, Recall@10: 0.0088, NDCG@10: 0.0044
2026-04-22 11:38:35,211 - INFO - Epoch 3/30 - Train Loss: 1.1308, Recall@5: 0.0057, NDCG@5: 0.0036, Recall@10: 0.0110, NDCG@10: 0.0053
2026-04-22 11:38:40,838 - INFO - Epoch 4/30 - Train Loss: 1.0823, Recall@5: 0.0066, NDCG@5: 0.0041, Recall@10: 0.0130, NDCG@10: 0.0061
2026-04-22 11:38:40,872 - INFO - Saved best model with NDCG@10: 0.0061 to ./checkpoints/sasrec_beauty_best.pth
2026-04-22 11:38:46,200 - INFO - Epoch 5/30 - Train Loss: 1.0480, Recall@5: 0.0085, NDCG@5: 0.0050, Recall@10: 0.0150, NDCG@10: 0.0071
2026-04-22 11:38:46,237 - INFO - Saved best model with NDCG@10: 0.0071 to ./checkpoints/sasrec_beauty_best.pth
2026-04-22 11:38:51,772 - INFO - Epoch 6/30 - Train Loss: 1.0149, Recall@5: 0.0090, NDCG@5: 0.0055, Recall@10: 0.0164, NDCG@10: 0.0079
2026-04-22 11:38:51,815 - INFO - Saved best model with NDCG@10: 0.0079 to ./checkpoints/sasrec_beauty_best.pth
2026-04-22 11:38:57,282 - INFO - Epoch 7/30 - Train Loss: 0.9847, Recall@5: 0.0095, NDCG@5: 0.0055, Recall@10: 0.0195, NDCG@10: 0.0088
2026-04-22 11:38:57,320 - INFO - Saved best model with NDCG@10: 0.0088 to ./checkpoints/sasrec_beauty_best.pth
2026-04-22 11:39:03,182 - INFO - Epoch 8/30 - Train Loss: 0.9421, Recall@5: 0.0096, NDCG@5: 0.0058, Recall@10: 0.0184, NDCG@10: 0.0086
2026-04-22 11:39:09,229 - INFO - Epoch 9/30 - Train Loss: 0.9043, Recall@5: 0.0107, NDCG@5: 0.0064, Recall@10: 0.0184, NDCG@10: 0.0089
2026-04-22 11:39:09,260 - INFO - Saved best model with NDCG@10: 0.0089 to ./checkpoints/sasrec_beauty_best.pth
2026-04-22 11:39:14,821 - INFO - Epoch 10/30 - Train Loss: 0.8737, Recall@5: 0.0105, NDCG@5: 0.0068, Recall@10: 0.0198, NDCG@10: 0.0098
2026-04-22 11:39:14,864 - INFO - Saved best model with NDCG@10: 0.0098 to ./checkpoints/sasrec_beauty_best.pth
2026-04-22 11:39:20,513 - INFO - Epoch 11/30 - Train Loss: 0.8362, Recall@5: 0.0127, NDCG@5: 0.0080, Recall@10: 0.0224, NDCG@10: 0.0111
2026-04-22 11:39:20,560 - INFO - Saved best model with NDCG@10: 0.0111 to ./checkpoints/sasrec_beauty_best.pth
2026-04-22 11:39:26,109 - INFO - Epoch 12/30 - Train Loss: 0.7979, Recall@5: 0.0134, NDCG@5: 0.0083, Recall@10: 0.0246, NDCG@10: 0.0119
2026-04-22 11:39:26,144 - INFO - Saved best model with NDCG@10: 0.0119 to ./checkpoints/sasrec_beauty_best.pth
2026-04-22 11:39:31,974 - INFO - Epoch 13/30 - Train Loss: 0.7664, Recall@5: 0.0129, NDCG@5: 0.0075, Recall@10: 0.0249, NDCG@10: 0.0114
2026-04-22 11:39:37,341 - INFO - Epoch 14/30 - Train Loss: 0.7311, Recall@5: 0.0146, NDCG@5: 0.0084, Recall@10: 0.0270, NDCG@10: 0.0123
2026-04-22 11:39:37,396 - INFO - Saved best model with NDCG@10: 0.0123 to ./checkpoints/sasrec_beauty_best.pth
2026-04-22 11:39:42,956 - INFO - Epoch 15/30 - Train Loss: 0.6969, Recall@5: 0.0135, NDCG@5: 0.0079, Recall@10: 0.0257, NDCG@10: 0.0118
2026-04-22 11:39:48,332 - INFO - Epoch 16/30 - Train Loss: 0.6691, Recall@5: 0.0139, NDCG@5: 0.0080, Recall@10: 0.0268, NDCG@10: 0.0122
2026-04-22 11:39:54,643 - INFO - Training arguments: Namespace(dataset='beauty', root='../genrec/dataset/amazon', loss_type='ce', embed_dim=64, num_heads=2, num_blocks=2, ffn_dim=256, dropout=0.2, max_seq_len=50, batch_size=128, epochs=30, lr=0.001, weight_decay=0.0, patience=10, device='cuda', checkpoint_dir='./checkpoints', eval_k=10)
2026-04-22 11:39:54,643 - INFO - Loading datasets...
2026-04-22 11:40:03,619 - INFO - Number of items: 12101
2026-04-22 11:40:03,619 - INFO - Train samples: 22363
2026-04-22 11:40:03,619 - INFO - Valid samples: 22363
2026-04-22 11:40:03,619 - INFO - Test samples: 22363
2026-04-22 11:40:03,619 - INFO - Initializing model...
2026-04-22 11:40:04,280 - INFO - Model parameters: 869504
2026-04-22 11:40:05,321 - INFO - Starting training...
2026-04-22 11:40:10,811 - INFO - Epoch 1/30 - Train Loss: 8.9356, Recall@5: 0.0096, NDCG@5: 0.0059, Recall@10: 0.0154, NDCG@10: 0.0077
2026-04-22 11:40:10,869 - INFO - Saved best model with NDCG@10: 0.0077 to ./checkpoints/sasrec_beauty_best.pth
2026-04-22 11:40:16,171 - INFO - Epoch 2/30 - Train Loss: 8.4456, Recall@5: 0.0160, NDCG@5: 0.0099, Recall@10: 0.0286, NDCG@10: 0.0140
2026-04-22 11:40:16,215 - INFO - Saved best model with NDCG@10: 0.0140 to ./checkpoints/sasrec_beauty_best.pth
2026-04-22 11:40:21,421 - INFO - Epoch 3/30 - Train Loss: 8.0674, Recall@5: 0.0235, NDCG@5: 0.0141, Recall@10: 0.0409, NDCG@10: 0.0198
2026-04-22 11:40:21,469 - INFO - Saved best model with NDCG@10: 0.0198 to ./checkpoints/sasrec_beauty_best.pth
2026-04-22 11:40:26,639 - INFO - Epoch 4/30 - Train Loss: 7.7828, Recall@5: 0.0296, NDCG@5: 0.0184, Recall@10: 0.0492, NDCG@10: 0.0246
2026-04-22 11:40:26,685 - INFO - Saved best model with NDCG@10: 0.0246 to ./checkpoints/sasrec_beauty_best.pth
2026-04-22 11:40:31,960 - INFO - Epoch 5/30 - Train Loss: 7.5244, Recall@5: 0.0364, NDCG@5: 0.0225, Recall@10: 0.0617, NDCG@10: 0.0307
2026-04-22 11:40:32,007 - INFO - Saved best model with NDCG@10: 0.0307 to ./checkpoints/sasrec_beauty_best.pth
2026-04-22 11:40:37,427 - INFO - Epoch 6/30 - Train Loss: 7.2937, Recall@5: 0.0430, NDCG@5: 0.0260, Recall@10: 0.0672, NDCG@10: 0.0337
2026-04-22 11:40:37,471 - INFO - Saved best model with NDCG@10: 0.0337 to ./checkpoints/sasrec_beauty_best.pth
2026-04-22 11:40:42,509 - INFO - Epoch 7/30 - Train Loss: 7.0824, Recall@5: 0.0458, NDCG@5: 0.0279, Recall@10: 0.0732, NDCG@10: 0.0368
2026-04-22 11:40:42,553 - INFO - Saved best model with NDCG@10: 0.0368 to ./checkpoints/sasrec_beauty_best.pth
2026-04-22 11:40:47,832 - INFO - Epoch 8/30 - Train Loss: 6.8992, Recall@5: 0.0497, NDCG@5: 0.0308, Recall@10: 0.0768, NDCG@10: 0.0395
2026-04-22 11:40:47,876 - INFO - Saved best model with NDCG@10: 0.0395 to ./checkpoints/sasrec_beauty_best.pth
2026-04-22 11:40:53,423 - INFO - Epoch 9/30 - Train Loss: 6.7366, Recall@5: 0.0522, NDCG@5: 0.0309, Recall@10: 0.0790, NDCG@10: 0.0395
2026-04-22 11:40:59,004 - INFO - Epoch 10/30 - Train Loss: 6.5962, Recall@5: 0.0535, NDCG@5: 0.0325, Recall@10: 0.0811, NDCG@10: 0.0414
2026-04-22 11:40:59,044 - INFO - Saved best model with NDCG@10: 0.0414 to ./checkpoints/sasrec_beauty_best.pth
2026-04-22 11:41:04,303 - INFO - Epoch 11/30 - Train Loss: 6.4798, Recall@5: 0.0533, NDCG@5: 0.0325, Recall@10: 0.0809, NDCG@10: 0.0414
2026-04-22 11:41:04,353 - INFO - Saved best model with NDCG@10: 0.0414 to ./checkpoints/sasrec_beauty_best.pth
2026-04-22 11:41:09,370 - INFO - Epoch 12/30 - Train Loss: 6.3791, Recall@5: 0.0521, NDCG@5: 0.0311, Recall@10: 0.0810, NDCG@10: 0.0405
2026-04-22 11:41:14,552 - INFO - Epoch 13/30 - Train Loss: 6.2884, Recall@5: 0.0508, NDCG@5: 0.0304, Recall@10: 0.0776, NDCG@10: 0.0391
2026-04-22 11:41:19,786 - INFO - Epoch 14/30 - Train Loss: 6.2172, Recall@5: 0.0525, NDCG@5: 0.0315, Recall@10: 0.0785, NDCG@10: 0.0399
2026-04-22 11:41:25,065 - INFO - Epoch 15/30 - Train Loss: 6.1498, Recall@5: 0.0517, NDCG@5: 0.0310, Recall@10: 0.0773, NDCG@10: 0.0393
2026-04-22 11:41:30,355 - INFO - Epoch 16/30 - Train Loss: 6.0911, Recall@5: 0.0496, NDCG@5: 0.0308, Recall@10: 0.0752, NDCG@10: 0.0391
2026-04-22 11:41:35,444 - INFO - Epoch 17/30 - Train Loss: 6.0392, Recall@5: 0.0506, NDCG@5: 0.0314, Recall@10: 0.0772, NDCG@10: 0.0400
2026-04-22 11:41:40,766 - INFO - Epoch 18/30 - Train Loss: 5.9907, Recall@5: 0.0507, NDCG@5: 0.0318, Recall@10: 0.0757, NDCG@10: 0.0399
2026-04-22 11:41:46,191 - INFO - Epoch 19/30 - Train Loss: 5.9464, Recall@5: 0.0502, NDCG@5: 0.0318, Recall@10: 0.0756, NDCG@10: 0.0399
2026-04-22 11:41:51,794 - INFO - Epoch 20/30 - Train Loss: 5.9067, Recall@5: 0.0501, NDCG@5: 0.0320, Recall@10: 0.0753, NDCG@10: 0.0401
2026-04-22 11:41:56,898 - INFO - Epoch 21/30 - Train Loss: 5.8630, Recall@5: 0.0500, NDCG@5: 0.0318, Recall@10: 0.0740, NDCG@10: 0.0395
2026-04-22 11:41:56,899 - INFO - Early stopping triggered after 21 epochs
2026-04-22 11:41:56,899 - INFO - Loading best model for testing...
2026-04-22 11:41:59,231 - INFO - Test Results - Recall@5: 0.0695, NDCG@5: 0.0410 - Recall@10: 0.1022, NDCG@10: 0.0516
2026-04-22 11:41:59,231 - INFO - Training completed!
2026-04-22 12:42:27,332 - INFO - Training arguments: Namespace(dataset='beauty', root='../genrec/dataset/amazon', loss_type='ce', embed_dim=64, num_heads=2, num_blocks=2, ffn_dim=256, dropout=0.2, max_seq_len=50, batch_size=128, epochs=30, lr=0.001, weight_decay=0.0, patience=10, device='cuda', checkpoint_dir='./checkpoints', eval_k=10)
2026-04-22 12:42:27,332 - INFO - Loading datasets...
2026-04-22 13:39:16,080 - INFO - Training arguments: Namespace(dataset='beauty', root='../genrec/dataset/amazon', loss_type='ce', embed_dim=64, num_heads=2, num_blocks=2, ffn_dim=256, dropout=0.2, max_seq_len=50, batch_size=128, epochs=30, lr=0.001, weight_decay=0.0, patience=10, device='cuda', checkpoint_dir='./checkpoints', eval_k=10)
2026-04-22 13:39:16,081 - INFO - Loading datasets...
2026-04-22 13:39:26,433 - INFO - Number of items: 12101
2026-04-22 13:39:26,433 - INFO - Train samples: 22363
2026-04-22 13:39:26,433 - INFO - Valid samples: 22363
2026-04-22 13:39:26,433 - INFO - Test samples: 22363
2026-04-22 13:39:26,433 - INFO - Initializing model...
2026-04-22 13:39:26,454 - INFO - Model parameters: 869504
2026-04-22 13:39:27,421 - INFO - Starting training...
2026-04-22 13:39:33,021 - INFO - Epoch 1/30 - Train Loss: 8.9302, Recall@5: 0.0104, NDCG@5: 0.0068, Recall@10: 0.0180, NDCG@10: 0.0092
2026-04-22 13:39:33,068 - INFO - Saved best model with NDCG@10: 0.0092 to ./checkpoints/sasrec_beauty_best.pth
2026-04-22 13:53:25,129 - INFO - Training arguments: Namespace(dataset='beauty', root='../genrec/dataset/amazon', loss_type='ce', embed_dim=64, num_heads=2, num_blocks=2, ffn_dim=256, dropout=0.2, max_seq_len=50, batch_size=128, epochs=30, lr=0.001, weight_decay=0.0, patience=10, device='cuda', checkpoint_dir='./checkpoints', eval_k=10)
2026-04-22 13:53:25,129 - INFO - Loading datasets...
2026-04-22 13:53:55,377 - INFO - Training arguments: Namespace(dataset='beauty', root='../genrec/dataset/amazon', loss_type='ce', embed_dim=64, num_heads=2, num_blocks=2, ffn_dim=256, dropout=0.2, max_seq_len=50, batch_size=128, epochs=30, lr=0.001, weight_decay=0.0, patience=10, device='cuda', checkpoint_dir='./checkpoints', eval_k=10)
2026-04-22 13:53:55,377 - INFO - Loading datasets...
2026-04-22 13:56:24,131 - INFO - Training arguments: Namespace(dataset='beauty', root='../genrec/dataset/amazon', loss_type='ce', embed_dim=64, num_heads=2, num_blocks=2, ffn_dim=256, dropout=0.2, max_seq_len=50, batch_size=128, epochs=30, lr=0.001, weight_decay=0.0, patience=10, device='cuda', checkpoint_dir='./checkpoints', eval_k=10)
2026-04-22 13:56:24,131 - INFO - Loading datasets...
2026-04-22 13:56:33,594 - INFO - Number of items: 12101
2026-04-22 13:56:33,594 - INFO - Train samples: 22363
2026-04-22 13:56:33,594 - INFO - Valid samples: 22363
2026-04-22 13:56:33,594 - INFO - Test samples: 22363
2026-04-22 13:56:33,595 - INFO - Initializing model...
2026-04-22 13:56:33,617 - INFO - Model parameters: 869504
2026-04-22 13:56:34,591 - INFO - Starting training...
2026-04-22 13:56:40,163 - INFO - Epoch 1/30 - Train Loss: 8.9273, Recall@5: 0.0100, NDCG@5: 0.0059, Recall@10: 0.0171, NDCG@10: 0.0082
2026-04-22 13:56:40,195 - INFO - Saved best model with NDCG@10: 0.0082 to ./checkpoints/sasrec_beauty_best.pth
2026-04-22 13:56:45,634 - INFO - Epoch 2/30 - Train Loss: 8.4662, Recall@5: 0.0177, NDCG@5: 0.0109, Recall@10: 0.0315, NDCG@10: 0.0154
2026-04-22 13:56:45,677 - INFO - Saved best model with NDCG@10: 0.0154 to ./checkpoints/sasrec_beauty_best.pth
2026-04-22 13:56:51,076 - INFO - Epoch 3/30 - Train Loss: 8.0778, Recall@5: 0.0212, NDCG@5: 0.0132, Recall@10: 0.0375, NDCG@10: 0.0185
2026-04-22 13:56:51,118 - INFO - Saved best model with NDCG@10: 0.0185 to ./checkpoints/sasrec_beauty_best.pth
2026-04-22 13:56:56,128 - INFO - Epoch 4/30 - Train Loss: 7.7740, Recall@5: 0.0302, NDCG@5: 0.0187, Recall@10: 0.0500, NDCG@10: 0.0251
2026-04-22 13:56:56,172 - INFO - Saved best model with NDCG@10: 0.0251 to ./checkpoints/sasrec_beauty_best.pth
2026-04-22 13:57:01,254 - INFO - Epoch 5/30 - Train Loss: 7.5151, Recall@5: 0.0381, NDCG@5: 0.0234, Recall@10: 0.0630, NDCG@10: 0.0315
2026-04-22 13:57:01,290 - INFO - Saved best model with NDCG@10: 0.0315 to ./checkpoints/sasrec_beauty_best.pth
2026-04-22 13:57:06,509 - INFO - Epoch 6/30 - Train Loss: 7.2827, Recall@5: 0.0435, NDCG@5: 0.0271, Recall@10: 0.0685, NDCG@10: 0.0351
2026-04-22 13:57:06,594 - INFO - Saved best model with NDCG@10: 0.0351 to ./checkpoints/sasrec_beauty_best.pth
2026-04-22 13:57:11,585 - INFO - Epoch 7/30 - Train Loss: 7.0788, Recall@5: 0.0454, NDCG@5: 0.0279, Recall@10: 0.0737, NDCG@10: 0.0370
2026-04-22 13:57:11,629 - INFO - Saved best model with NDCG@10: 0.0370 to ./checkpoints/sasrec_beauty_best.pth
2026-04-22 13:57:16,720 - INFO - Epoch 8/30 - Train Loss: 6.8921, Recall@5: 0.0484, NDCG@5: 0.0296, Recall@10: 0.0772, NDCG@10: 0.0388
2026-04-22 13:57:16,761 - INFO - Saved best model with NDCG@10: 0.0388 to ./checkpoints/sasrec_beauty_best.pth
2026-04-22 13:57:22,815 - INFO - Epoch 9/30 - Train Loss: 6.7279, Recall@5: 0.0502, NDCG@5: 0.0307, Recall@10: 0.0795, NDCG@10: 0.0401
2026-04-22 13:57:22,842 - INFO - Saved best model with NDCG@10: 0.0401 to ./checkpoints/sasrec_beauty_best.pth
2026-04-22 13:57:27,880 - INFO - Epoch 10/30 - Train Loss: 6.5883, Recall@5: 0.0496, NDCG@5: 0.0298, Recall@10: 0.0784, NDCG@10: 0.0392
2026-04-22 13:57:32,851 - INFO - Epoch 11/30 - Train Loss: 6.4759, Recall@5: 0.0494, NDCG@5: 0.0301, Recall@10: 0.0782, NDCG@10: 0.0394
2026-04-22 13:57:38,140 - INFO - Epoch 12/30 - Train Loss: 6.3701, Recall@5: 0.0528, NDCG@5: 0.0319, Recall@10: 0.0805, NDCG@10: 0.0408
2026-04-22 13:57:38,183 - INFO - Saved best model with NDCG@10: 0.0408 to ./checkpoints/sasrec_beauty_best.pth
2026-04-22 13:57:43,148 - INFO - Epoch 13/30 - Train Loss: 6.2886, Recall@5: 0.0514, NDCG@5: 0.0314, Recall@10: 0.0783, NDCG@10: 0.0401
2026-04-22 13:57:48,488 - INFO - Epoch 14/30 - Train Loss: 6.2144, Recall@5: 0.0516, NDCG@5: 0.0310, Recall@10: 0.0780, NDCG@10: 0.0395
2026-04-22 13:57:53,470 - INFO - Epoch 15/30 - Train Loss: 6.1454, Recall@5: 0.0519, NDCG@5: 0.0320, Recall@10: 0.0768, NDCG@10: 0.0400
2026-04-22 13:57:58,513 - INFO - Epoch 16/30 - Train Loss: 6.0859, Recall@5: 0.0517, NDCG@5: 0.0317, Recall@10: 0.0771, NDCG@10: 0.0400
2026-04-22 13:58:03,855 - INFO - Epoch 17/30 - Train Loss: 6.0313, Recall@5: 0.0502, NDCG@5: 0.0316, Recall@10: 0.0772, NDCG@10: 0.0403
2026-04-22 13:58:09,122 - INFO - Epoch 18/30 - Train Loss: 5.9842, Recall@5: 0.0509, NDCG@5: 0.0321, Recall@10: 0.0752, NDCG@10: 0.0399
2026-04-22 13:58:14,070 - INFO - Epoch 19/30 - Train Loss: 5.9425, Recall@5: 0.0496, NDCG@5: 0.0309, Recall@10: 0.0742, NDCG@10: 0.0388
2026-04-22 13:58:19,389 - INFO - Epoch 20/30 - Train Loss: 5.8986, Recall@5: 0.0504, NDCG@5: 0.0318, Recall@10: 0.0739, NDCG@10: 0.0394
2026-04-22 14:10:07,550 - INFO - Training arguments: Namespace(dataset='beauty', root='../genrec/dataset/amazon', loss_type='ce', embed_dim=64, num_heads=2, num_blocks=2, ffn_dim=256, dropout=0.2, max_seq_len=50, batch_size=128, epochs=30, lr=0.001, weight_decay=0.0, patience=10, device='cuda', checkpoint_dir='./checkpoints', eval_k=10)
2026-04-22 14:10:07,550 - INFO - Loading datasets...
2026-04-22 14:10:17,727 - INFO - Number of items: 12101
2026-04-22 14:10:17,727 - INFO - Train samples: 22363
2026-04-22 14:10:17,727 - INFO - Valid samples: 22363
2026-04-22 14:10:17,727 - INFO - Test samples: 22363
2026-04-22 14:10:17,727 - INFO - Initializing model...
2026-04-22 14:10:17,813 - INFO - Model parameters: 869504
2026-04-22 14:10:18,824 - INFO - Starting training...
2026-04-22 14:10:24,699 - INFO - Epoch 1/30 - Train Loss: 8.9286, Recall@5: 0.0094, NDCG@5: 0.0057, Recall@10: 0.0171, NDCG@10: 0.0082
2026-04-22 14:10:24,753 - INFO - Saved best model with NDCG@10: 0.0082 to ./checkpoints/sasrec_beauty_best.pth
2026-04-22 14:10:30,061 - INFO - Epoch 2/30 - Train Loss: 8.4237, Recall@5: 0.0194, NDCG@5: 0.0118, Recall@10: 0.0328, NDCG@10: 0.0161
2026-04-22 14:10:30,103 - INFO - Saved best model with NDCG@10: 0.0161 to ./checkpoints/sasrec_beauty_best.pth
2026-04-22 14:10:34,974 - INFO - Epoch 3/30 - Train Loss: 8.0559, Recall@5: 0.0252, NDCG@5: 0.0153, Recall@10: 0.0415, NDCG@10: 0.0205
2026-04-22 14:10:34,999 - INFO - Saved best model with NDCG@10: 0.0205 to ./checkpoints/sasrec_beauty_best.pth
2026-04-22 14:10:40,163 - INFO - Epoch 4/30 - Train Loss: 7.7728, Recall@5: 0.0310, NDCG@5: 0.0190, Recall@10: 0.0527, NDCG@10: 0.0260
2026-04-22 14:10:40,200 - INFO - Saved best model with NDCG@10: 0.0260 to ./checkpoints/sasrec_beauty_best.pth
2026-04-22 14:10:45,360 - INFO - Epoch 5/30 - Train Loss: 7.5132, Recall@5: 0.0384, NDCG@5: 0.0235, Recall@10: 0.0627, NDCG@10: 0.0314
2026-04-22 14:10:45,400 - INFO - Saved best model with NDCG@10: 0.0314 to ./checkpoints/sasrec_beauty_best.pth
2026-04-22 14:10:50,912 - INFO - Epoch 6/30 - Train Loss: 7.2812, Recall@5: 0.0457, NDCG@5: 0.0285, Recall@10: 0.0728, NDCG@10: 0.0372
2026-04-22 14:10:50,951 - INFO - Saved best model with NDCG@10: 0.0372 to ./checkpoints/sasrec_beauty_best.pth
2026-04-22 14:10:56,785 - INFO - Epoch 7/30 - Train Loss: 7.0753, Recall@5: 0.0505, NDCG@5: 0.0318, Recall@10: 0.0768, NDCG@10: 0.0403
2026-04-22 14:10:56,833 - INFO - Saved best model with NDCG@10: 0.0403 to ./checkpoints/sasrec_beauty_best.pth
2026-04-22 14:11:02,353 - INFO - Epoch 8/30 - Train Loss: 6.8915, Recall@5: 0.0524, NDCG@5: 0.0324, Recall@10: 0.0817, NDCG@10: 0.0418
2026-04-22 14:11:02,396 - INFO - Saved best model with NDCG@10: 0.0418 to ./checkpoints/sasrec_beauty_best.pth
2026-04-22 14:11:07,767 - INFO - Epoch 9/30 - Train Loss: 6.7340, Recall@5: 0.0513, NDCG@5: 0.0312, Recall@10: 0.0818, NDCG@10: 0.0410
2026-04-22 14:11:12,872 - INFO - Epoch 10/30 - Train Loss: 6.5946, Recall@5: 0.0541, NDCG@5: 0.0321, Recall@10: 0.0822, NDCG@10: 0.0412
2026-04-22 14:11:18,196 - INFO - Epoch 11/30 - Train Loss: 6.4807, Recall@5: 0.0526, NDCG@5: 0.0316, Recall@10: 0.0819, NDCG@10: 0.0411
2026-04-22 14:11:23,457 - INFO - Epoch 12/30 - Train Loss: 6.3773, Recall@5: 0.0527, NDCG@5: 0.0320, Recall@10: 0.0810, NDCG@10: 0.0411
2026-04-22 14:11:28,047 - INFO - Epoch 13/30 - Train Loss: 6.2928, Recall@5: 0.0510, NDCG@5: 0.0311, Recall@10: 0.0793, NDCG@10: 0.0402
2026-04-22 14:11:33,289 - INFO - Epoch 14/30 - Train Loss: 6.2210, Recall@5: 0.0504, NDCG@5: 0.0307, Recall@10: 0.0788, NDCG@10: 0.0399
2026-04-22 14:11:38,278 - INFO - Epoch 15/30 - Train Loss: 6.1537, Recall@5: 0.0517, NDCG@5: 0.0315, Recall@10: 0.0800, NDCG@10: 0.0406
2026-04-22 14:11:43,683 - INFO - Epoch 16/30 - Train Loss: 6.0960, Recall@5: 0.0510, NDCG@5: 0.0310, Recall@10: 0.0789, NDCG@10: 0.0400
2026-04-22 14:11:48,896 - INFO - Epoch 17/30 - Train Loss: 6.0449, Recall@5: 0.0506, NDCG@5: 0.0311, Recall@10: 0.0776, NDCG@10: 0.0398
2026-04-22 14:11:54,219 - INFO - Epoch 18/30 - Train Loss: 6.0002, Recall@5: 0.0502, NDCG@5: 0.0312, Recall@10: 0.0759, NDCG@10: 0.0394
2026-04-22 14:11:54,220 - INFO - Early stopping triggered after 18 epochs
2026-04-22 14:11:54,220 - INFO - Loading best model for testing...
2026-04-22 14:11:56,235 - INFO - Test Results - Recall@5: 0.0673, NDCG@5: 0.0403 - Recall@10: 0.1023, NDCG@10: 0.0516
2026-04-22 14:11:56,235 - INFO - Training completed!
2026-04-22 15:46:32,280 - INFO - Training arguments: Namespace(dataset='beauty', root='../genrec/dataset/amazon', loss_type='ce', embed_dim=64, num_heads=2, num_blocks=2, ffn_dim=256, dropout=0.2, max_seq_len=50, batch_size=128, epochs=30, lr=0.001, weight_decay=0.0, patience=10, device='cuda', checkpoint_dir='./checkpoints', eval_k=10)
2026-04-22 15:46:32,280 - INFO - Loading datasets...
2026-04-22 15:46:42,627 - INFO - Number of items: 12101
2026-04-22 15:46:42,627 - INFO - Train samples: 22363
2026-04-22 15:46:42,627 - INFO - Valid samples: 22363
2026-04-22 15:46:42,628 - INFO - Test samples: 22363
2026-04-22 15:46:42,628 - INFO - Initializing model...
2026-04-22 15:46:42,715 - INFO - Model parameters: 869504
2026-04-22 15:47:14,067 - INFO - Training arguments: Namespace(dataset='beauty', root='../genrec/dataset/amazon', loss_type='ce', embed_dim=64, num_heads=2, num_blocks=2, ffn_dim=256, dropout=0.2, max_seq_len=50, batch_size=128, epochs=30, lr=0.001, weight_decay=0.0, patience=10, device='cuda', checkpoint_dir='./checkpoints', eval_k=10)
2026-04-22 15:47:14,067 - INFO - Loading datasets...
2026-04-22 15:47:25,079 - INFO - Number of items: 12101
2026-04-22 15:47:25,079 - INFO - Train samples: 131413
2026-04-22 15:47:25,079 - INFO - Valid samples: 22363
2026-04-22 15:47:25,079 - INFO - Test samples: 22363
2026-04-22 15:47:25,079 - INFO - Initializing model...
2026-04-22 15:47:25,105 - INFO - Model parameters: 869504
2026-04-22 15:47:25,896 - INFO - Starting training...
2026-04-22 15:47:46,343 - INFO - Epoch 1/30 - Train Loss: 6.8081, Recall@5: 0.0322, NDCG@5: 0.0203, Recall@10: 0.0519, NDCG@10: 0.0266
2026-04-22 15:47:46,432 - INFO - Saved best model with NDCG@10: 0.0266 to ./checkpoints/sasrec_beauty_best.pth
2026-04-22 15:48:06,149 - INFO - Epoch 2/30 - Train Loss: 5.0676, Recall@5: 0.0361, NDCG@5: 0.0232, Recall@10: 0.0551, NDCG@10: 0.0292
2026-04-22 15:48:06,201 - INFO - Saved best model with NDCG@10: 0.0292 to ./checkpoints/sasrec_beauty_best.pth
2026-04-22 15:48:25,797 - INFO - Epoch 3/30 - Train Loss: 4.5512, Recall@5: 0.0381, NDCG@5: 0.0249, Recall@10: 0.0558, NDCG@10: 0.0305
2026-04-22 15:48:25,917 - INFO - Saved best model with NDCG@10: 0.0305 to ./checkpoints/sasrec_beauty_best.pth
2026-04-22 15:48:45,353 - INFO - Epoch 4/30 - Train Loss: 4.2970, Recall@5: 0.0376, NDCG@5: 0.0258, Recall@10: 0.0545, NDCG@10: 0.0312
2026-04-22 15:48:45,435 - INFO - Saved best model with NDCG@10: 0.0312 to ./checkpoints/sasrec_beauty_best.pth
2026-04-22 15:49:05,423 - INFO - Epoch 5/30 - Train Loss: 4.1339, Recall@5: 0.0383, NDCG@5: 0.0267, Recall@10: 0.0545, NDCG@10: 0.0319
2026-04-22 15:49:05,537 - INFO - Saved best model with NDCG@10: 0.0319 to ./checkpoints/sasrec_beauty_best.pth
2026-04-22 15:49:26,007 - INFO - Epoch 6/30 - Train Loss: 4.0208, Recall@5: 0.0382, NDCG@5: 0.0267, Recall@10: 0.0550, NDCG@10: 0.0321
2026-04-22 15:49:26,096 - INFO - Saved best model with NDCG@10: 0.0321 to ./checkpoints/sasrec_beauty_best.pth
2026-04-22 15:49:46,672 - INFO - Epoch 7/30 - Train Loss: 3.9356, Recall@5: 0.0383, NDCG@5: 0.0268, Recall@10: 0.0562, NDCG@10: 0.0325
2026-04-22 15:49:46,760 - INFO - Saved best model with NDCG@10: 0.0325 to ./checkpoints/sasrec_beauty_best.pth
2026-04-22 15:50:06,631 - INFO - Epoch 8/30 - Train Loss: 3.8618, Recall@5: 0.0379, NDCG@5: 0.0267, Recall@10: 0.0540, NDCG@10: 0.0319
2026-04-22 15:50:27,718 - INFO - Epoch 9/30 - Train Loss: 3.8044, Recall@5: 0.0380, NDCG@5: 0.0260, Recall@10: 0.0546, NDCG@10: 0.0313
2026-04-22 15:50:47,938 - INFO - Epoch 10/30 - Train Loss: 3.7610, Recall@5: 0.0365, NDCG@5: 0.0258, Recall@10: 0.0540, NDCG@10: 0.0314
2026-04-22 15:51:16,318 - INFO - Training arguments: Namespace(dataset='beauty', root='../genrec/dataset/amazon', loss_type='ce', embed_dim=64, num_heads=2, num_blocks=2, ffn_dim=256, dropout=0.2, max_seq_len=50, batch_size=128, epochs=30, lr=0.001, weight_decay=0.0, patience=10, device='cuda', checkpoint_dir='./checkpoints', eval_k=10)
2026-04-22 15:51:16,318 - INFO - Loading datasets...
2026-04-22 15:51:26,562 - INFO - Number of items: 12101
2026-04-22 15:51:26,562 - INFO - Train samples: 22363
2026-04-22 15:51:26,562 - INFO - Valid samples: 22363
2026-04-22 15:51:26,562 - INFO - Test samples: 22363
2026-04-22 15:51:26,563 - INFO - Initializing model...
2026-04-22 15:51:26,585 - INFO - Model parameters: 869504
2026-04-22 15:51:27,635 - INFO - Starting training...
2026-04-22 15:51:33,367 - INFO - Epoch 1/30 - Train Loss: 8.9236, Recall@5: 0.0099, NDCG@5: 0.0059, Recall@10: 0.0152, NDCG@10: 0.0077
2026-04-22 15:51:33,439 - INFO - Saved best model with NDCG@10: 0.0077 to ./checkpoints/sasrec_beauty_best.pth
2026-04-22 15:51:38,430 - INFO - Epoch 2/30 - Train Loss: 8.4624, Recall@5: 0.0170, NDCG@5: 0.0107, Recall@10: 0.0290, NDCG@10: 0.0146
2026-04-22 15:51:38,540 - INFO - Saved best model with NDCG@10: 0.0146 to ./checkpoints/sasrec_beauty_best.pth
2026-04-22 15:51:43,848 - INFO - Epoch 3/30 - Train Loss: 8.0782, Recall@5: 0.0224, NDCG@5: 0.0144, Recall@10: 0.0391, NDCG@10: 0.0197
2026-04-22 15:51:43,932 - INFO - Saved best model with NDCG@10: 0.0197 to ./checkpoints/sasrec_beauty_best.pth
2026-04-22 15:51:49,328 - INFO - Epoch 4/30 - Train Loss: 7.7842, Recall@5: 0.0309, NDCG@5: 0.0188, Recall@10: 0.0514, NDCG@10: 0.0254
2026-04-22 15:51:49,442 - INFO - Saved best model with NDCG@10: 0.0254 to ./checkpoints/sasrec_beauty_best.pth
2026-04-22 15:51:54,604 - INFO - Epoch 5/30 - Train Loss: 7.5207, Recall@5: 0.0400, NDCG@5: 0.0253, Recall@10: 0.0630, NDCG@10: 0.0327
2026-04-22 15:51:54,676 - INFO - Saved best model with NDCG@10: 0.0327 to ./checkpoints/sasrec_beauty_best.pth
2026-04-22 16:04:27,236 - INFO - Training arguments: Namespace(dataset='beauty', root='../genrec/dataset/amazon', loss_type='ce', embed_dim=64, num_heads=2, num_blocks=2, ffn_dim=256, dropout=0.2, max_seq_len=50, batch_size=128, epochs=30, lr=0.001, weight_decay=0.0, patience=10, device='cuda', checkpoint_dir='./checkpoints', eval_k=10)
2026-04-22 16:04:27,237 - INFO - Loading datasets...
2026-04-22 16:04:37,288 - INFO - Number of items: 12101
2026-04-22 16:04:37,289 - INFO - Train samples: 22363
2026-04-22 16:04:37,289 - INFO - Valid samples: 22363
2026-04-22 16:04:37,289 - INFO - Test samples: 22363
2026-04-22 16:04:37,289 - INFO - Initializing model...
2026-04-22 16:04:37,302 - INFO - Model parameters: 869504
2026-04-22 16:04:38,299 - INFO - Starting training...
2026-04-22 16:04:43,172 - INFO - Epoch 1/30 - Train Loss: 8.9200, Recall@5: 0.0096, NDCG@5: 0.0062, Recall@10: 0.0182, NDCG@10: 0.0089
2026-04-22 16:04:43,217 - INFO - Saved best model with NDCG@10: 0.0089 to ./checkpoints/sasrec_beauty_best.pth
2026-04-22 16:04:47,849 - INFO - Epoch 2/30 - Train Loss: 8.4360, Recall@5: 0.0175, NDCG@5: 0.0111, Recall@10: 0.0313, NDCG@10: 0.0155
2026-04-22 16:04:47,889 - INFO - Saved best model with NDCG@10: 0.0155 to ./checkpoints/sasrec_beauty_best.pth
2026-04-22 16:04:52,259 - INFO - Epoch 3/30 - Train Loss: 8.0660, Recall@5: 0.0236, NDCG@5: 0.0145, Recall@10: 0.0396, NDCG@10: 0.0197
2026-04-22 16:04:52,301 - INFO - Saved best model with NDCG@10: 0.0197 to ./checkpoints/sasrec_beauty_best.pth
2026-04-22 16:04:56,693 - INFO - Epoch 4/30 - Train Loss: 7.7792, Recall@5: 0.0315, NDCG@5: 0.0192, Recall@10: 0.0535, NDCG@10: 0.0262
2026-04-22 16:04:56,734 - INFO - Saved best model with NDCG@10: 0.0262 to ./checkpoints/sasrec_beauty_best.pth
2026-04-22 16:05:00,601 - INFO - Epoch 5/30 - Train Loss: 7.5206, Recall@5: 0.0382, NDCG@5: 0.0235, Recall@10: 0.0630, NDCG@10: 0.0315
2026-04-22 16:05:00,643 - INFO - Saved best model with NDCG@10: 0.0315 to ./checkpoints/sasrec_beauty_best.pth
2026-04-22 16:05:05,374 - INFO - Epoch 6/30 - Train Loss: 7.2947, Recall@5: 0.0430, NDCG@5: 0.0263, Recall@10: 0.0685, NDCG@10: 0.0345
2026-04-22 16:05:05,418 - INFO - Saved best model with NDCG@10: 0.0345 to ./checkpoints/sasrec_beauty_best.pth
2026-04-22 16:05:10,107 - INFO - Epoch 7/30 - Train Loss: 7.0826, Recall@5: 0.0484, NDCG@5: 0.0295, Recall@10: 0.0748, NDCG@10: 0.0379
2026-04-22 16:05:10,150 - INFO - Saved best model with NDCG@10: 0.0379 to ./checkpoints/sasrec_beauty_best.pth
2026-04-22 16:05:14,813 - INFO - Epoch 8/30 - Train Loss: 6.9016, Recall@5: 0.0507, NDCG@5: 0.0306, Recall@10: 0.0784, NDCG@10: 0.0396
2026-04-22 16:05:14,857 - INFO - Saved best model with NDCG@10: 0.0396 to ./checkpoints/sasrec_beauty_best.pth
2026-04-22 16:05:19,654 - INFO - Epoch 9/30 - Train Loss: 6.7393, Recall@5: 0.0531, NDCG@5: 0.0322, Recall@10: 0.0813, NDCG@10: 0.0412
2026-04-22 16:05:19,700 - INFO - Saved best model with NDCG@10: 0.0412 to ./checkpoints/sasrec_beauty_best.pth
2026-04-22 16:05:24,303 - INFO - Epoch 10/30 - Train Loss: 6.5990, Recall@5: 0.0509, NDCG@5: 0.0309, Recall@10: 0.0807, NDCG@10: 0.0405
2026-04-22 16:05:28,898 - INFO - Epoch 11/30 - Train Loss: 6.4829, Recall@5: 0.0516, NDCG@5: 0.0314, Recall@10: 0.0795, NDCG@10: 0.0403
2026-04-22 16:05:33,572 - INFO - Epoch 12/30 - Train Loss: 6.3819, Recall@5: 0.0507, NDCG@5: 0.0310, Recall@10: 0.0783, NDCG@10: 0.0400
2026-04-22 16:05:38,201 - INFO - Epoch 13/30 - Train Loss: 6.2992, Recall@5: 0.0512, NDCG@5: 0.0309, Recall@10: 0.0782, NDCG@10: 0.0396
